FFF.F....                                                                [100%]
=================================== FAILURES ===================================
_ TestTheDeclaredComputeIsDispatched.test_the_read_returns_what_the_compute_produces _
tests/unit/orm/test_nonstored_compute_dispatch.py:89: in test_the_read_returns_what_the_compute_produces
    assert probe.label == 'calculado'
E   AssertionError: assert None == 'calculado'
E    +  where None = <ComputeDispatchProbe: ComputeDispatchProbe object (None)>.label
_ TestTheDeclaredComputeIsDispatched.test_the_value_tracks_the_compute_and_not_a_constant[uno] _
tests/unit/orm/test_nonstored_compute_dispatch.py:103: in test_the_value_tracks_the_compute_and_not_a_constant
    assert field.__get__(ComputeDispatchProbe()) == produced
E   AssertionError: assert None == 'uno'
E    +  where None = <bound method NonStored.__get__ of <orm.fields_nonstored.NonStored object at 0x7f246ed1a810>>(<ComputeDispatchProbe: ComputeDispatchProbe object (None)>)
E    +    where <bound method NonStored.__get__ of <orm.fields_nonstored.NonStored object at 0x7f246ed1a810>> = <orm.fields_nonstored.NonStored object at 0x7f246ed1a810>.__get__
E    +    and   <ComputeDispatchProbe: ComputeDispatchProbe object (None)> = ComputeDispatchProbe()
_ TestTheDeclaredComputeIsDispatched.test_the_value_tracks_the_compute_and_not_a_constant[otro distinto] _
tests/unit/orm/test_nonstored_compute_dispatch.py:103: in test_the_value_tracks_the_compute_and_not_a_constant
    assert field.__get__(ComputeDispatchProbe()) == produced
E   AssertionError: assert None == 'otro distinto'
E    +  where None = <bound method NonStored.__get__ of <orm.fields_nonstored.NonStored object at 0x7f246ed18e60>>(<ComputeDispatchProbe: ComputeDispatchProbe object (None)>)
E    +    where <bound method NonStored.__get__ of <orm.fields_nonstored.NonStored object at 0x7f246ed18e60>> = <orm.fields_nonstored.NonStored object at 0x7f246ed18e60>.__get__
E    +    and   <ComputeDispatchProbe: ComputeDispatchProbe object (None)> = ComputeDispatchProbe()
_ TestTheDeclaredComputeIsDispatched.test_a_callable_compute_is_dispatched_too _
tests/unit/orm/test_nonstored_compute_dispatch.py:117: in test_a_callable_compute_is_dispatched_too
    assert field.__get__(ComputeDispatchProbe()) == 'por invocable'
E   AssertionError: assert None == 'por invocable'
E    +  where None = <bound method NonStored.__get__ of <orm.fields_nonstored.NonStored object at 0x7f246ed9fe90>>(<ComputeDispatchProbe: ComputeDispatchProbe object (None)>)
E    +    where <bound method NonStored.__get__ of <orm.fields_nonstored.NonStored object at 0x7f246ed9fe90>> = <orm.fields_nonstored.NonStored object at 0x7f246ed9fe90>.__get__
E    +    and   <ComputeDispatchProbe: ComputeDispatchProbe object (None)> = ComputeDispatchProbe()
=============================== warnings summary ===============================
.venv/lib/python3.12/site-packages/passlib/utils/__init__.py:854
  /home/user/kaupamex-api/.venv/lib/python3.12/site-packages/passlib/utils/__init__.py:854: DeprecationWarning: 'crypt' is deprecated and slated for removal in Python 3.13
    from crypt import crypt as _crypt

-- Docs: https://docs.pytest.org/en/stable/how-to/capture-warnings.html
=========================== short test summary info ============================
FAILED tests/unit/orm/test_nonstored_compute_dispatch.py::TestTheDeclaredComputeIsDispatched::test_the_read_returns_what_the_compute_produces
FAILED tests/unit/orm/test_nonstored_compute_dispatch.py::TestTheDeclaredComputeIsDispatched::test_the_value_tracks_the_compute_and_not_a_constant[uno]
FAILED tests/unit/orm/test_nonstored_compute_dispatch.py::TestTheDeclaredComputeIsDispatched::test_the_value_tracks_the_compute_and_not_a_constant[otro distinto]
FAILED tests/unit/orm/test_nonstored_compute_dispatch.py::TestTheDeclaredComputeIsDispatched::test_a_callable_compute_is_dispatched_too
4 failed, 5 passed, 1 warning in 5.16s
EXIT=1
