bringing up nodes...
bringing up nodes...

........................................................................ [  1%]
........................................................................ [  3%]
........................................................................ [  4%]
........................................................................ [  6%]
........................................................................ [  7%]
........................................................................ [  9%]
........................................................................ [ 10%]
........................................................................ [ 12%]
........................................................................ [ 14%]
........................................................................ [ 15%]
........................................................................ [ 17%]
........................................................................ [ 18%]
........................................................................ [ 20%]
........................................................................ [ 21%]
........................................................................ [ 23%]
........................................................................ [ 24%]
........................................................................ [ 26%]
........................................................................ [ 28%]
......................................................................... [ 29%]
........................................................................ [ 31%]
........................................................................ [ 32%]
........................................................................ [ 34%]
........................................................................ [ 35%]
......................................................................... [ 37%]
........................................................................ [ 39%]
........................................................................ [ 40%]
........................................................................ [ 42%]
........................................................................ [ 43%]
........................................................................ [ 45%]
........................................................................ [ 46%]
.......................................................................F [ 48%]
........F............................................................... [ 49%]
........................................................................ [ 51%]
........................................................................ [ 53%]
........................................................................ [ 54%]
........................................................................ [ 56%]
........................................................................ [ 57%]
........................................................................ [ 59%]
........................................................................ [ 60%]
........................................................................ [ 62%]
........................................................................ [ 63%]
........................................................................ [ 65%]
........................................................................ [ 67%]
........................................................................ [ 68%]
........................................................................ [ 70%]
........................................................sssssssss.ssssss [ 71%]
sss.....ssssssss........................................................ [ 73%]
................................................................x....... [ 74%]
........................................................................ [ 76%]
........................................................................ [ 77%]
........................................................................ [ 79%]
........................................................................ [ 81%]
........................................................................ [ 82%]
........................................................................ [ 84%]
........................................................................ [ 85%]
........................................................................ [ 87%]
........................................................................ [ 88%]
........................................................................ [ 90%]
........................................................................ [ 92%]
........................................................................ [ 93%]
........................................................................ [ 95%]
........................................................................ [ 96%]
........................................................................ [ 98%]
........................................................................ [ 99%]
........                                                                 [100%]
=================================== FAILURES ===================================
_ TestUniversalAdoption.test_none_declares_it_as_something_other_than_the_field _
[gw0] linux -- Python 3.12.3 /home/user/kaupamex-api/.venv/bin/python
tests/unit/orm/test_display_name.py:71: in test_none_declares_it_as_something_other_than_the_field
    assert not_a_field() == []
E   AssertionError: assert ['test_orm.Te...display_name'] == []
E     Left contains one more item: 'test_orm.TestOrmCategory.display_name es FieldDescriptor declarado en TestOrmCategory, no el campo NonStored del mixin — el cómputo va en _compute_display_name'
E     Use -v to get more diff
_ TestTheGateDiscriminates.test_it_names_a_model_that_declares_display_name_as_a_property _
[gw0] linux -- Python 3.12.3 /home/user/kaupamex-api/.venv/bin/python
tests/unit/orm/test_display_name.py:182: in test_it_names_a_model_that_declares_display_name_as_a_property
    assert not_a_field() == []
E   AssertionError: assert ['test_orm.Te...display_name'] == []
E     Left contains one more item: 'test_orm.TestOrmCategory.display_name es FieldDescriptor declarado en TestOrmCategory, no el campo NonStored del mixin — el cómputo va en _compute_display_name'
E     Use -v to get more diff
=============================== warnings summary ===============================
.venv/lib/python3.12/site-packages/passlib/utils/__init__.py:854
.venv/lib/python3.12/site-packages/passlib/utils/__init__.py:854
.venv/lib/python3.12/site-packages/passlib/utils/__init__.py:854
.venv/lib/python3.12/site-packages/passlib/utils/__init__.py:854
.venv/lib/python3.12/site-packages/passlib/utils/__init__.py:854
  /home/user/kaupamex-api/.venv/lib/python3.12/site-packages/passlib/utils/__init__.py:854: DeprecationWarning: 'crypt' is deprecated and slated for removal in Python 3.13
    from crypt import crypt as _crypt

tests/unit/orm/test_fields_related.py::TestResolveDepends::test_it_resolves_a_declared_chain_to_its_fields
  /home/user/kaupamex-api/src/orm/fields.py:3518: UserWarning: Field base.ResPartner.name should be declared with recursive=True
    warnings.warn(

-- Docs: https://docs.pytest.org/en/stable/how-to/capture-warnings.html
=========================== short test summary info ============================
FAILED tests/unit/orm/test_display_name.py::TestUniversalAdoption::test_none_declares_it_as_something_other_than_the_field
FAILED tests/unit/orm/test_display_name.py::TestTheGateDiscriminates::test_it_names_a_model_that_declares_display_name_as_a_property
2 failed, 4589 passed, 26 skipped, 1 xfailed, 6 warnings in 76.21s (0:01:16)
EXIT=1
