    teardown.throw(exception)
  File "/home/user/kaupamex-api/.venv/lib/python3.12/site-packages/pluggy/_callers.py", line 53, in run_old_style_hookwrapper
    return result.get_result()
           ^^^^^^^^^^^^^^^^^^^
  File "/home/user/kaupamex-api/.venv/lib/python3.12/site-packages/pluggy/_result.py", line 103, in get_result
    raise exc.with_traceback(tb)
  File "/home/user/kaupamex-api/.venv/lib/python3.12/site-packages/pluggy/_callers.py", line 38, in run_old_style_hookwrapper
    res = yield
          ^^^^^
  File "/home/user/kaupamex-api/.venv/lib/python3.12/site-packages/pluggy/_callers.py", line 121, in _multicall
    res = hook_impl.function(*args)
          ^^^^^^^^^^^^^^^^^^^^^^^^^
  File "/home/user/kaupamex-api/.venv/lib/python3.12/site-packages/pytest_django/plugin.py", line 360, in pytest_load_initial_conftests
    _setup_django(early_config)
  File "/home/user/kaupamex-api/.venv/lib/python3.12/site-packages/pytest_django/plugin.py", line 236, in _setup_django
    django.setup()
  File "/home/user/kaupamex-api/.venv/lib/python3.12/site-packages/django/__init__.py", line 24, in setup
    apps.populate(settings.INSTALLED_APPS)
  File "/home/user/kaupamex-api/.venv/lib/python3.12/site-packages/django/apps/registry.py", line 116, in populate
    app_config.import_models()
  File "/home/user/kaupamex-api/.venv/lib/python3.12/site-packages/django/apps/config.py", line 269, in import_models
    self.models_module = import_module(models_module_name)
                         ^^^^^^^^^^^^^^^^^^^^^^^^^^^^^^^^^
  File "/usr/lib/python3.12/importlib/__init__.py", line 90, in import_module
    return _bootstrap._gcd_import(name[level:], package, level)
           ^^^^^^^^^^^^^^^^^^^^^^^^^^^^^^^^^^^^^^^^^^^^^^^^^^^^
  File "<frozen importlib._bootstrap>", line 1387, in _gcd_import
  File "<frozen importlib._bootstrap>", line 1360, in _find_and_load
  File "<frozen importlib._bootstrap>", line 1331, in _find_and_load_unlocked
  File "<frozen importlib._bootstrap>", line 935, in _load_unlocked
  File "<frozen importlib._bootstrap_external>", line 995, in exec_module
  File "<frozen importlib._bootstrap>", line 488, in _call_with_frames_removed
  File "/home/user/kaupamex-api/addons/html_editor/models/__init__.py", line 38, in <module>
    from .html_field_history_mixin import HtmlFieldHistoryMixin
  File "/home/user/kaupamex-api/addons/html_editor/models/html_field_history_mixin.py", line 104, in <module>
    class HtmlFieldHistoryMixin(models.DefaultGetMixin, models.Model):
  File "/home/user/kaupamex-api/addons/html_editor/models/html_field_history_mixin.py", line 162, in HtmlFieldHistoryMixin
    @api.model_create_multi
     ^^^
NameError: name 'api' is not defined
EXIT=0
