E   Contacte a su administrador para solicitar el acceso si lo necesita.
____________________ test_create_respects_an_explicit_name _____________________
[gw2] linux -- Python 3.12.3 /home/user/kaupamex-api/.venv/bin/python
tests/unit/stock/test_stock_picking.py:348: in test_create_respects_an_explicit_name
    picking = StockPicking.create(
E   TypeError: StockPicking.create() missing 1 required positional argument: 'vals_list'
_ TestUniversalAdoption.test_none_declares_it_as_something_other_than_the_field _
[gw2] linux -- Python 3.12.3 /home/user/kaupamex-api/.venv/bin/python
tests/unit/orm/test_display_name.py:71: in test_none_declares_it_as_something_other_than_the_field
    assert not_a_field() == []
E   AssertionError: assert ['test_orm.Te...display_name'] == []
E     Left contains one more item: 'test_orm.TestOrmCategory.display_name es FieldDescriptor declarado en TestOrmCategory, no el campo NonStored del mixin — el cómputo va en _compute_display_name'
E     Use -v to get more diff
_ TestTheGateDiscriminates.test_it_names_a_model_that_declares_display_name_as_a_property _
[gw2] linux -- Python 3.12.3 /home/user/kaupamex-api/.venv/bin/python
tests/unit/orm/test_display_name.py:182: in test_it_names_a_model_that_declares_display_name_as_a_property
    assert not_a_field() == []
E   AssertionError: assert ['test_orm.Te...display_name'] == []
E     Left contains one more item: 'test_orm.TestOrmCategory.display_name es FieldDescriptor declarado en TestOrmCategory, no el campo NonStored del mixin — el cómputo va en _compute_display_name'
E     Use -v to get more diff
=============================== warnings summary ===============================
.venv/lib/python3.12/site-packages/passlib/utils/__init__.py:854
.venv/lib/python3.12/site-packages/passlib/utils/__init__.py:854
.venv/lib/python3.12/site-packages/passlib/utils/__init__.py:854
.venv/lib/python3.12/site-packages/passlib/utils/__init__.py:854
.venv/lib/python3.12/site-packages/passlib/utils/__init__.py:854
  /home/user/kaupamex-api/.venv/lib/python3.12/site-packages/passlib/utils/__init__.py:854: DeprecationWarning: 'crypt' is deprecated and slated for removal in Python 3.13
    from crypt import crypt as _crypt

tests/unit/orm/test_fields_related.py::TestResolveDepends::test_it_resolves_a_declared_chain_to_its_fields
  /home/user/kaupamex-api/src/orm/fields.py:3886: UserWarning: Field base.ResPartner.name should be declared with recursive=True
    warnings.warn(

-- Docs: https://docs.pytest.org/en/stable/how-to/capture-warnings.html
=========================== short test summary info ============================
FAILED tests/unit/account/test_setup_wizards.py::TestFinancialYearOp::test_the_fiscal_year_fields_read_from_the_company
FAILED tests/integration/base/test_res_currency_rate.py::TestCreateAndWrite::test_create_resolves_company_rate_into_the_stored_rate
FAILED tests/integration/base/test_res_currency_rate.py::TestCreateAndWrite::test_create_resolves_the_inverse_too
FAILED tests/integration/base/test_res_currency_rate.py::TestCreateAndWrite::test_rate_wins_when_two_arrive_together
FAILED tests/integration/base/test_res_partner_create_and_delete.py::TestNameCreate::test_it_splits_the_name_and_the_email
FAILED tests/integration/base/test_res_partner_create_and_delete.py::TestNameCreate::test_with_only_an_email_the_name_is_the_email
FAILED tests/integration/base/test_res_partner_create_and_delete.py::TestNameCreate::test_without_an_email_the_partner_has_none
FAILED tests/integration/base/test_res_partner_create_and_delete.py::TestNameCreate::test_force_email_lets_a_valid_one_through
FAILED tests/integration/base/test_res_partner_create_and_delete.py::TestNameCreate::test_it_returns_the_pair_id_and_display_name
FAILED tests/unit/base/test_ir_actions_server_runners.py::TestObjectCreate::test_the_record_is_created_with_the_value_as_name
FAILED tests/unit/base/test_ir_actions_server_runners.py::TestObjectCopy::test_the_referenced_record_is_duplicated
FAILED tests/unit/orm/test_copy.py::TestCopy::test_the_copy_is_a_new_row - Ty...
FAILED tests/unit/orm/test_copy.py::TestCopy::test_res_partner_appends_the_copy_suffix
FAILED tests/unit/orm/test_copy.py::TestCopy::test_a_given_name_is_not_suffixed
FAILED tests/unit/orm/test_copy.py::TestCopy::test_the_copy_gets_the_defaults_of_a_normal_create
FAILED tests/unit/orm/test_copy.py::TestCopy::test_the_children_are_duplicated_under_the_new_parent
FAILED tests/unit/orm/test_copy.py::TestCopy::test_the_original_keeps_its_children
FAILED tests/unit/orm/test_copy.py::TestCopy::test_a_child_is_not_visited_twice
FAILED tests/unit/orm/test_default_get.py::TestNameCreateGuardIsObservable::test_without_an_email_in_the_name_the_context_one_lands
FAILED tests/unit/orm/test_default_get.py::TestNameCreateGuardIsObservable::test_with_an_email_in_the_name_the_guard_shields_the_context
FAILED tests/unit/orm/test_default_get.py::TestNameCreateGuardIsObservable::test_name_create_writes_through_rec_name
FAILED tests/unit/stock/test_stock_picking.py::test_create_respects_an_explicit_name
FAILED tests/unit/orm/test_display_name.py::TestUniversalAdoption::test_none_declares_it_as_something_other_than_the_field
FAILED tests/unit/orm/test_display_name.py::TestTheGateDiscriminates::test_it_names_a_model_that_declares_display_name_as_a_property
24 failed, 5748 passed, 26 skipped, 1 xfailed, 6 warnings in 104.51s (0:01:44)
EXIT=0
