/home/user/kaupamex-api/src/orm/fields.py:4020: UserWarning: Field <django.db.models.fields.related.ForeignKey: country> in dependency of base_setup.SiteConfigSettings.company_country_code should be searchable. This is necessary to determine which records to recompute when base.ResCountry.code is modified. You should either make the field searchable, or simplify the field dependency.
  warnings.warn(
/home/user/kaupamex-api/src/orm/fields.py:4020: UserWarning: Field <django.db.models.fields.related.ForeignKey: country> in dependency of base_setup.SiteConfigSettings.company_country_group_codes should be searchable. This is necessary to determine which records to recompute when base.ResCountry.country_group_codes is modified. You should either make the field searchable, or simplify the field dependency.
  warnings.warn(
Traceback (most recent call last):
  File "/home/user/kaupamex-api/scripts/workbench/fachadas-construyen-una-vez-20260911T193801/probe_company_address_write_reaches_the_partner.py", line 94, in <module>
    ResPartner.objects.filter(pk=partner_id).delete()
  File "/home/user/kaupamex-api/.venv/lib/python3.12/site-packages/django/db/models/query.py", line 1237, in delete
    collector.collect(del_query)
  File "/home/user/kaupamex-api/.venv/lib/python3.12/site-packages/django/db/models/deletion.py", line 347, in collect
    if getattr(on_delete, "lazy_sub_objs", False) or sub_objs:
                                                     ^^^^^^^^
  File "/home/user/kaupamex-api/.venv/lib/python3.12/site-packages/django/db/models/query.py", line 404, in __bool__
    self._fetch_all()
  File "/home/user/kaupamex-api/.venv/lib/python3.12/site-packages/django/db/models/query.py", line 2000, in _fetch_all
    self._result_cache = list(self._iterable_class(self))
                         ^^^^^^^^^^^^^^^^^^^^^^^^^^^^^^^^
  File "/home/user/kaupamex-api/.venv/lib/python3.12/site-packages/django/db/models/query.py", line 95, in __iter__
    results = compiler.execute_sql(
              ^^^^^^^^^^^^^^^^^^^^^
  File "/home/user/kaupamex-api/.venv/lib/python3.12/site-packages/django/db/models/sql/compiler.py", line 1611, in execute_sql
    sql, params = self.as_sql()
                  ^^^^^^^^^^^^^
  File "/home/user/kaupamex-api/.venv/lib/python3.12/site-packages/django/db/models/sql/compiler.py", line 795, in as_sql
    self.compile(self.where) if self.where is not None else ("", [])
    ^^^^^^^^^^^^^^^^^^^^^^^^
  File "/home/user/kaupamex-api/.venv/lib/python3.12/site-packages/django/db/models/sql/compiler.py", line 578, in compile
    sql, params = node.as_sql(self, self.connection)
                  ^^^^^^^^^^^^^^^^^^^^^^^^^^^^^^^^^^
  File "/home/user/kaupamex-api/.venv/lib/python3.12/site-packages/django/db/models/sql/where.py", line 151, in as_sql
    sql, params = compiler.compile(child)
                  ^^^^^^^^^^^^^^^^^^^^^^^
  File "/home/user/kaupamex-api/.venv/lib/python3.12/site-packages/django/db/models/sql/compiler.py", line 578, in compile
    sql, params = node.as_sql(self, self.connection)
                  ^^^^^^^^^^^^^^^^^^^^^^^^^^^^^^^^^^
  File "/home/user/kaupamex-api/.venv/lib/python3.12/site-packages/django/db/models/fields/related_lookups.py", line 95, in as_sql
    return super().as_sql(compiler, connection)
           ^^^^^^^^^^^^^^^^^^^^^^^^^^^^^^^^^^^^
  File "/home/user/kaupamex-api/.venv/lib/python3.12/site-packages/django/db/models/lookups.py", line 556, in as_sql
    return super().as_sql(compiler, connection)
           ^^^^^^^^^^^^^^^^^^^^^^^^^^^^^^^^^^^^
  File "/home/user/kaupamex-api/.venv/lib/python3.12/site-packages/django/db/models/lookups.py", line 238, in as_sql
    lhs_sql, params = self.process_lhs(compiler, connection)
                      ^^^^^^^^^^^^^^^^^^^^^^^^^^^^^^^^^^^^^^
  File "/home/user/kaupamex-api/.venv/lib/python3.12/site-packages/django/db/models/lookups.py", line 230, in process_lhs
    lhs_sql, params = super().process_lhs(compiler, connection, lhs)
                      ^^^^^^^^^^^^^^^^^^^^^^^^^^^^^^^^^^^^^^^^^^^^^^
  File "/home/user/kaupamex-api/.venv/lib/python3.12/site-packages/django/db/models/lookups.py", line 110, in process_lhs
    sql, params = compiler.compile(lhs)
                  ^^^^^^^^^^^^^^^^^^^^^
  File "/home/user/kaupamex-api/.venv/lib/python3.12/site-packages/django/db/models/sql/compiler.py", line 578, in compile
    sql, params = node.as_sql(self, self.connection)
                  ^^^^^^^^^^^^^^^^^^^^^^^^^^^^^^^^^^
  File "/home/user/kaupamex-api/.venv/lib/python3.12/site-packages/django/db/models/expressions.py", line 1325, in as_sql
    sql = ".".join(map(compiler.quote_name_unless_alias, identifiers))
          ^^^^^^^^^^^^^^^^^^^^^^^^^^^^^^^^^^^^^^^^^^^^^^^^^^^^^^^^^^^^
  File "/home/user/kaupamex-api/.venv/lib/python3.12/site-packages/django/db/backends/postgresql/compiler.py", line 30, in quote_name_unless_alias
    if "$" in name:
       ^^^^^^^^^^^
TypeError: argument of type 'NoneType' is not iterable
EXIT=1
