bringing up nodes...
bringing up nodes...

........................................................................ [  0%]
.................sssssssss.ssssssssF..FFssssss.......................F.. [  1%]
........................................................................ [  2%]
........................................................................ [  2%]
......................................................................... [  3%]
........................................................................ [  4%]
........................................................................ [  4%]
........................................................................ [  5%]
........................................................................ [  6%]
........................................................................ [  6%]
........................................................................ [  7%]
........................................................................ [  8%]
........................................................................ [  8%]
........................................................................ [  9%]
........................................................................ [ 10%]
......................................................................... [ 11%]
........................................................................ [ 11%]
........................................................................ [ 12%]
........................................................................ [ 13%]
........................................................................ [ 13%]
........................................................................ [ 14%]
........................................................................ [ 15%]
........................................................................ [ 15%]
........................................................................ [ 16%]
........................................................................ [ 17%]
........................................................................ [ 17%]
........................................................................ [ 18%]
........................................................................ [ 19%]
........................................................................ [ 19%]
........................................................................ [ 20%]
........................................................................ [ 21%]
........................................................................ [ 22%]
........................................................................ [ 22%]
......................................................................... [ 23%]
........................................................................ [ 24%]
........................................................................ [ 24%]
........................................................................ [ 25%]
........................................................................ [ 26%]
........................................................................ [ 26%]
........................................................................ [ 27%]
........................................................................ [ 28%]
........................................................................ [ 28%]
........................................................................ [ 29%]
........................................................................ [ 30%]
........................................................................ [ 30%]
........................................................................ [ 31%]
........................................................................ [ 32%]
........................................................................ [ 33%]
........................................................................ [ 33%]
........................................................................ [ 34%]
........................................................................ [ 35%]
........................................................................ [ 35%]
........................................................................ [ 36%]
........................................................................ [ 37%]
........................................................................ [ 37%]
........................................................................ [ 38%]
...........F............................................................ [ 39%]
........................................................................ [ 39%]
........................................................................ [ 40%]
.......F................................................................ [ 41%]
........................................................................ [ 41%]
........................................................................ [ 42%]
........................................................................ [ 43%]
........................................................................ [ 44%]
........................................................................ [ 44%]
........................................................................ [ 45%]
........................................................................ [ 46%]
........................................................................ [ 46%]
........................................................................ [ 47%]
......................................................................... [ 48%]
........................................................................ [ 48%]
........................................................................ [ 49%]
......................................................................... [ 50%]
........................................................................ [ 50%]
........................................................................ [ 51%]
........................................................................ [ 52%]
........................................................................ [ 53%]
........................................................................ [ 53%]
........................................................................ [ 54%]
........................................................................ [ 55%]
........................................................................ [ 55%]
........................................................................ [ 56%]
........................................................................ [ 57%]
........................................................................ [ 57%]
........................................................................ [ 58%]
........................................................................ [ 59%]
........................................................................ [ 59%]
........................................................................ [ 60%]
........................................................................ [ 61%]
......................................................................... [ 61%]
........................................................................ [ 62%]
........................................................................ [ 63%]
........................................................................ [ 64%]
........................................................................ [ 64%]
........................................................................ [ 65%]
........................................................................ [ 66%]
........................................................................ [ 66%]
........................................................................ [ 67%]
......................................................................... [ 68%]
........................................................................ [ 68%]
........................................................................ [ 69%]
........................................................................ [ 70%]
........................................................................ [ 70%]
........................................................................ [ 71%]
......................................................................... [ 72%]
........................................................................ [ 72%]
........................................................................ [ 73%]
........................................................................ [ 74%]
........................................................................ [ 75%]
......................................................................... [ 75%]
........................................................................ [ 76%]
........................................................................ [ 77%]
........................................................................ [ 77%]
.................................................F...................... [ 78%]
........................................................................ [ 79%]
........................................................................ [ 79%]
........................................................................ [ 80%]
........................................................................ [ 81%]
........................................................................ [ 81%]
........................................................................ [ 82%]
........................................................................ [ 83%]
........................................................................ [ 83%]
........................................................................ [ 84%]
........................................................................ [ 85%]
........................................................................ [ 86%]
........................................................................ [ 86%]
........................................................................ [ 87%]
........................................................................ [ 88%]
........................................................................ [ 88%]
........................................................................ [ 89%]
........................................................................ [ 90%]
........................................................................ [ 90%]
........................................................................ [ 91%]
........................................................................ [ 92%]
........................................................................ [ 92%]
........................................................................ [ 93%]
.....................s......................Exception ignored in: <function Transport.__del__ at 0x7f20790e8540>
Traceback (most recent call last):
  File "/home/user/kaupamex-api/.venv/lib/python3.12/site-packages/zeep/transports.py", line 170, in __del__
    self.session.close()
    ^^^^^^^^^^^^^^^^^^
AttributeError: 'object' object has no attribute 'close'
.Exception ignored in: <function Transport.__del__ at 0x7f20790e8540>
Traceback (most recent call last):
  File "/home/user/kaupamex-api/.venv/lib/python3.12/site-packages/zeep/transports.py", line 170, in __del__
    self.session.close()
    ^^^^^^^^^^^^^^^^^^
AttributeError: 'object' object has no attribute 'close'
........................... [ 94%]
........................................................................ [ 94%]
........s...s........................................................... [ 95%]
..............................................................FF..FF.F.. [ 96%]
........................................................................ [ 97%]
........................................................................ [ 97%]
.......................................................F................ [ 98%]
........................................................................ [ 99%]
...............................................F........................ [ 99%]
...................                                                      [100%]
=================================== FAILURES ===================================
_ TestCallBetweenTemplates.test_the_call_grafts_the_children_of_the_called_descriptor _
[gw1] linux -- Python 3.12.3 /home/user/kaupamex-api/.venv/bin/python
tests/integration/base/test_report_engine.py:702: in test_the_call_grafts_the_children_of_the_called_descriptor
    assert 'Pie compartido ñ' in texto_impreso(contenido)
E   assert 'Pie compartido ñ' in ''
E    +  where '' = texto_impreso(b'<html><body>\n<div class="article" data-oe-model="sale.SaleOrder" data-oe-id="6">\n  <div class="field" data-name="o...ame="issuer">\n    <div class="field" data-name="name">Pie compartido \xc3\xb1</div>\n  </div>\n</div>\n</body></html>')
_ TestCallBetweenTemplates.test_the_called_template_arrives_with_its_combined_arch _
[gw1] linux -- Python 3.12.3 /home/user/kaupamex-api/.venv/bin/python
tests/integration/base/test_report_engine.py:736: in test_the_called_template_arrives_with_its_combined_arch
    assert 'Tel del pie' in texto_impreso(contenido)
E   assert 'Tel del pie' in ''
E    +  where '' = texto_impreso(b'<html><body>\n<div class="article" data-oe-model="sale.SaleOrder" data-oe-id="8">\n  <div class="field" data-name="o...ompartido \xc3\xb1</div>\n    <div class="field" data-name="phone">Tel del pie</div>\n  </div>\n</div>\n</body></html>')
_ TestCallBetweenTemplates.test_priority_breaks_the_tie_as_it_does_in_the_root _
[gw1] linux -- Python 3.12.3 /home/user/kaupamex-api/.venv/bin/python
tests/integration/base/test_report_engine.py:752: in test_priority_breaks_the_tie_as_it_does_in_the_root
    assert 'Pie prioritario' in impreso
E   AssertionError: assert 'Pie prioritario' in ''
__________ TestSchemaEndpoint.test_schema_titulo_nombra_la_plataforma __________
[gw0] linux -- Python 3.12.3 /home/user/kaupamex-api/.venv/bin/python
tests/integration/test_schema.py:49: in test_schema_titulo_nombra_la_plataforma
    assert 'Kaupamex' not in titulo
E   AssertionError: assert 'Kaupamex' not in 'Kaupamex API'
E     'Kaupamex' is contained here:
E       Kaupamex API
----------------------------- Captured stderr call -----------------------------
/home/user/kaupamex-api/src/addons/base/controllers/admin_main.py: Error [AdminLogsView]: unable to guess serializer. This is graceful fallback handling for APIViews. Consider using GenericAPIView as view base class, if view is under your control. Either way you may want to add a serializer_class (or method). Ignoring view for now.
/home/user/kaupamex-api/addons/mass_mailing/controllers/subscribers.py: Error [AdminSubscriberExportCSVView]: unable to guess serializer. This is graceful fallback handling for APIViews. Consider using GenericAPIView as view base class, if view is under your control. Either way you may want to add a serializer_class (or method). Ignoring view for now.
/home/user/kaupamex-api/addons/authz/controllers/admin_main.py: Error [AdminPermissionCatalogView]: unable to guess serializer. This is graceful fallback handling for APIViews. Consider using GenericAPIView as view base class, if view is under your control. Either way you may want to add a serializer_class (or method). Ignoring view for now.
/home/user/kaupamex-api/addons/authz/controllers/admin_main.py: Error [AdminRolePermissionsView]: unable to guess serializer. This is graceful fallback handling for APIViews. Consider using GenericAPIView as view base class, if view is under your control. Either way you may want to add a serializer_class (or method). Ignoring view for now.
/home/user/kaupamex-api/addons/helpdesk/controllers/main.py: Error [AdminSupportTicketExportCSVView]: unable to guess serializer. This is graceful fallback handling for APIViews. Consider using GenericAPIView as view base class, if view is under your control. Either way you may want to add a serializer_class (or method). Ignoring view for now.
/home/user/kaupamex-api/addons/authz/controllers/main.py: Error [MyCapabilitiesView]: unable to guess serializer. This is graceful fallback handling for APIViews. Consider using GenericAPIView as view base class, if view is under your control. Either way you may want to add a serializer_class (or method). Ignoring view for now.
/home/user/kaupamex-api/addons/authz/controllers/main.py: Error [MyMenuView]: unable to guess serializer. This is graceful fallback handling for APIViews. Consider using GenericAPIView as view base class, if view is under your control. Either way you may want to add a serializer_class (or method). Ignoring view for now.
/home/user/kaupamex-api/addons/authz_passkey/controllers/main.py: Warning [PasskeyViewSet]: could not derive type of path parameter "id" because it is untyped and obtaining queryset from the viewset failed. Consider adding a type to the path (e.g. <int:id>) or annotating the parameter type with @extend_schema. Defaulting to "string".
/home/user/kaupamex-api/addons/authz/controllers/main.py: Error [ReauthSessionView]: unable to guess serializer. This is graceful fallback handling for APIViews. Consider using GenericAPIView as view base class, if view is under your control. Either way you may want to add a serializer_class (or method). Ignoring view for now.
/home/user/kaupamex-api/addons/website_mass_mailing/controllers/subscriptions.py: Error [NewsletterSubscriptionsV2View]: unable to guess serializer. This is graceful fallback handling for APIViews. Consider using GenericAPIView as view base class, if view is under your control. Either way you may want to add a serializer_class (or method). Ignoring view for now.
/home/user/kaupamex-api/addons/website_mass_mailing/controllers/confirm.py: Error [NewsletterConfirmV2View]: unable to guess serializer. This is graceful fallback handling for APIViews. Consider using GenericAPIView as view base class, if view is under your control. Either way you may want to add a serializer_class (or method). Ignoring view for now.
/home/user/kaupamex-api/addons/delivery/controllers/main.py: Error [BuyerOrderShipmentV2View]: unable to guess serializer. This is graceful fallback handling for APIViews. Consider using GenericAPIView as view base class, if view is under your control. Either way you may want to add a serializer_class (or method). Ignoring view for now.
/home/user/kaupamex-api/addons/sale_subscription/controllers/serializers.py: Warning [CompanyViewSet > CompanySerializer]: unable to resolve type hint for function "get_active_modules". Consider using a type hint or @extend_schema_field. Defaulting to string.
/home/user/kaupamex-api/addons/sale_subscription/controllers/serializers.py: Warning [CompanyViewSet > CompanySerializer]: unable to resolve type hint for function "get_user_count". Consider using a type hint or @extend_schema_field. Defaulting to string.
/home/user/kaupamex-api/addons/sale_subscription/controllers/serializers.py: Warning [CompanyModuleSubscriptionViewSet > CompanyModuleSubscriptionSerializer]: unable to resolve type hint for function "get_is_active". Consider using a type hint or @extend_schema_field. Defaulting to string.
/home/user/kaupamex-api/addons/delivery/controllers/main.py: Error [ShipmentListCreateV2View]: unable to guess serializer. This is graceful fallback handling for APIViews. Consider using GenericAPIView as view base class, if view is under your control. Either way you may want to add a serializer_class (or method). Ignoring view for now.
/home/user/kaupamex-api/addons/delivery/controllers/main.py: Error [ShipmentDetailV2View]: unable to guess serializer. This is graceful fallback handling for APIViews. Consider using GenericAPIView as view base class, if view is under your control. Either way you may want to add a serializer_class (or method). Ignoring view for now.
/home/user/kaupamex-api/addons/delivery/controllers/main.py: Error [ShipmentCancellationV2View]: unable to guess serializer. This is graceful fallback handling for APIViews. Consider using GenericAPIView as view base class, if view is under your control. Either way you may want to add a serializer_class (or method). Ignoring view for now.
/home/user/kaupamex-api/addons/delivery/controllers/main.py: Error [ShipmentDeliveryV2View]: unable to guess serializer. This is graceful fallback handling for APIViews. Consider using GenericAPIView as view base class, if view is under your control. Either way you may want to add a serializer_class (or method). Ignoring view for now.
/home/user/kaupamex-api/addons/delivery/controllers/main.py: Error [ShipmentProblemReportV2View]: unable to guess serializer. This is graceful fallback handling for APIViews. Consider using GenericAPIView as view base class, if view is under your control. Either way you may want to add a serializer_class (or method). Ignoring view for now.
/home/user/kaupamex-api/addons/helpdesk/controllers/main.py: Error [SupportTicketStatusV2View]: unable to guess serializer. This is graceful fallback handling for APIViews. Consider using GenericAPIView as view base class, if view is under your control. Either way you may want to add a serializer_class (or method). Ignoring view for now.
/home/user/kaupamex-api/addons/web/controllers/binary.py: Warning [upload_attachment]: could not resolve request body for POST /api/v2/web/binary/upload_attachment/. Defaulting to generic free-form object. (Maybe annotate a Serializer class?)
/home/user/kaupamex-api/addons/web/controllers/database.py: Warning [database_backup]: could not resolve request body for POST /api/v2/web/database/backup/. Defaulting to generic free-form object. (Maybe annotate a Serializer class?)
/home/user/kaupamex-api/addons/web/controllers/database.py: Warning [database_create]: could not resolve request body for POST /api/v2/web/database/create/. Defaulting to generic free-form object. (Maybe annotate a Serializer class?)
/home/user/kaupamex-api/addons/web/controllers/database.py: Warning [database_drop]: could not resolve request body for POST /api/v2/web/database/drop/. Defaulting to generic free-form object. (Maybe annotate a Serializer class?)
/home/user/kaupamex-api/addons/web/controllers/database.py: Warning [database_duplicate]: could not resolve request body for POST /api/v2/web/database/duplicate/. Defaulting to generic free-form object. (Maybe annotate a Serializer class?)
/home/user/kaupamex-api/addons/web/controllers/database.py: Warning [database_restore]: could not resolve request body for POST /api/v2/web/database/restore/. Defaulting to generic free-form object. (Maybe annotate a Serializer class?)
/home/user/kaupamex-api/addons/rpc/controllers/json2.py: Error [json2_rpc]: unable to guess serializer. This is graceful fallback handling for APIViews. Consider using GenericAPIView as view base class, if view is under your control. Either way you may want to add a serializer_class (or method). Ignoring view for now.
Warning: enum naming encountered a non-optimally resolvable collision for fields named "status". The same name has been used for multiple choice sets in multiple components. The collision was resolved with "StatusE7c". add an entry to ENUM_NAME_OVERRIDES to fix the naming.
Warning: operationId "notifications_partial_update" has collisions [('/api/v2/notifications/', 'patch'), ('/api/v2/notifications/{id}/', 'patch')]. resolving with numeral suffixes.
Warning: operationId "shipments_retrieve" has collisions [('/api/v2/shipments/', 'get'), ('/api/v2/shipments/{id}/', 'get')]. resolving with numeral suffixes.
____ TestBusinessKeysL2.test_backup_alert_email_seeded_without_stale_domain ____
[gw3] linux -- Python 3.12.3 /home/user/kaupamex-api/.venv/bin/python
tests/unit/base/test_system_parameter.py:192: in test_backup_alert_email_seeded_without_stale_domain
    assert 'kaupamex.com' not in value
E   AssertionError: assert 'kaupamex.com' not in 'admin@kaupamex.com'
E     'kaupamex.com' is contained here:
E       admin@kaupamex.com
_______ TestBackupFailAlert.test_uses_the_value_seeded_by_the_migration ________
[gw0] linux -- Python 3.12.3 /home/user/kaupamex-api/.venv/bin/python
tests/integration/auto_backup/test_backups.py:212: in test_uses_the_value_seeded_by_the_migration
    assert 'kaupamex.com' not in seeded
E   AssertionError: assert 'kaupamex.com' not in 'admin@kaupamex.com'
E     'kaupamex.com' is contained here:
E       admin@kaupamex.com
_ TestTheBlockedOnesDeclareTheirCoverage.test_src_orm_does_not_declare_it_yet[models-BaseModel] _
[gw3] linux -- Python 3.12.3 /home/user/kaupamex-api/.venv/bin/python
tests/unit/orm/test_sugar_packages.py:159: in test_src_orm_does_not_declare_it_yet
    assert name not in _declarations_of_src_orm(), (
E   AssertionError: BaseModel YA lo declara src/orm: su bloqueo caduco y le toca entrar en la fachada models
E   assert 'BaseModel' not in {'AND', 'ANY_TYPES', 'AbstractModel', 'AccessManager', 'AccessQuerySet', 'BaseModel', ...}
E    +  where {'AND', 'ANY_TYPES', 'AbstractModel', 'AccessManager', 'AccessQuerySet', 'BaseModel', ...} = _declarations_of_src_orm()
________ TestStubResolvesTheProvider.test_it_finds_thyrox_as_a_sibling _________
[gw2] linux -- Python 3.12.3 /home/user/kaupamex-api/.venv/bin/python
tests/unit/scripts/test_check_identifier_language_stub.py:37: in test_it_finds_thyrox_as_a_sibling
    assert gate.parent.name == 'gates'
E   AssertionError: assert 'verify' == 'gates'
E     - gates
E     + verify
_________ TestStubResolvesTheProvider.test_a_declared_thyrox_root_wins _________
[gw2] linux -- Python 3.12.3 /home/user/kaupamex-api/.venv/bin/python
tests/unit/scripts/test_check_identifier_language_stub.py:46: in test_a_declared_thyrox_root_wins
    assert stub.thyrox_gate() == fake_gate
E   AssertionError: assert None == PosixPath('/tmp/pytest-of-root/pytest-9/popen-gw2/test_a_declared_thyrox_root_wi0/src/gates/check_identifier_language.py')
E    +  where None = <function thyrox_gate at 0x7fac2fb78900>()
E    +    where <function thyrox_gate at 0x7fac2fb78900> = stub.thyrox_gate
_____ TestStubPropagatesThisTreesBaseline.test_an_english_only_file_passes _____
[gw2] linux -- Python 3.12.3 /home/user/kaupamex-api/.venv/bin/python
tests/unit/scripts/test_check_identifier_language_stub.py:86: in test_an_english_only_file_passes
    assert done.returncode == 0
E   assert 2 == 0
E    +  where 2 = CompletedProcess(args=['/home/user/kaupamex-api/.venv/bin/python', '/home/user/kaupamex-api/tests/scripts/check_identi...open file '/home/user/kaupamex-api/tests/scripts/check_identifier_language.py': [Errno 2] No such file or directory\n").returncode
__ TestStubPropagatesThisTreesBaseline.test_a_fresh_spanish_identifier_fails ___
[gw2] linux -- Python 3.12.3 /home/user/kaupamex-api/.venv/bin/python
tests/unit/scripts/test_check_identifier_language_stub.py:93: in test_a_fresh_spanish_identifier_fails
    assert done.returncode == 1
E   assert 2 == 1
E    +  where 2 = CompletedProcess(args=['/home/user/kaupamex-api/.venv/bin/python', '/home/user/kaupamex-api/tests/scripts/check_identi...open file '/home/user/kaupamex-api/tests/scripts/check_identifier_language.py': [Errno 2] No such file or directory\n").returncode
_ TestStubPropagatesThisTreesBaseline.test_an_explicit_baseline_override_wins_over_the_default _
[gw2] linux -- Python 3.12.3 /home/user/kaupamex-api/.venv/bin/python
tests/unit/scripts/test_check_identifier_language_stub.py:105: in test_an_explicit_baseline_override_wins_over_the_default
    assert done.returncode == 0, done.stdout + done.stderr
E   AssertionError: /home/user/kaupamex-api/.venv/bin/python: can't open file '/home/user/kaupamex-api/tests/scripts/check_identifier_language.py': [Errno 2] No such file or directory
E     
E   assert 2 == 0
E    +  where 2 = CompletedProcess(args=['/home/user/kaupamex-api/.venv/bin/python', '/home/user/kaupamex-api/tests/scripts/check_identi...open file '/home/user/kaupamex-api/tests/scripts/check_identifier_language.py': [Errno 2] No such file or directory\n").returncode
_ TestTheGateMeasuresTheWholeTreeAndPublishesItsDenominator.test_the_tree_is_clean _
[gw2] linux -- Python 3.12.3 /home/user/kaupamex-api/.venv/bin/python
tests/unit/scripts/test_check_identifier_reference_name.py:101: in test_the_tree_is_clean
    assert gate.main([]) == 0
E   assert 1 == 0
E    +  where 1 = <function main at 0x7fac2fb79760>([])
E    +    where <function main at 0x7fac2fb79760> = gate.main
----------------------------- Captured stdout call -----------------------------
Identificadores con el nombre de la referencia (directiva del ejecutor 2026-09-02):
  /home/user/kaupamex-api/scripts/workbench/odoo-orm-reference-inventory-20260910T181517/probes/probe_orm_across_trees.py:55: identificador «odoo»

Total: 1 sobre 3159 archivos medidos. Renombra al término del dominio; si la fuente ya le da nombre, ése es el que va (traducir no es rebautizar).
______ TestAgainstTheRealTree.test_what_is_genuinely_absent_stays_absent _______
[gw1] linux -- Python 3.12.3 /home/user/kaupamex-api/.venv/bin/python
tests/unit/scripts/test_orden_de_porte.py:132: in test_what_is_genuinely_absent_stays_absent
    assert not ({'BaseModel', 'MetaModel', 'add_to_registry',
E   AssertionError: assert not ({'BaseModel', 'MetaModel', 'add_to_registry', 'setup_model_classes'} & {'*', 'AND', 'ANY_TYPES', 'AbstractModel', 'AbstractSet', 'AccessError', ...})
=============================== warnings summary ===============================
.venv/lib/python3.12/site-packages/passlib/utils/__init__.py:854
.venv/lib/python3.12/site-packages/passlib/utils/__init__.py:854
.venv/lib/python3.12/site-packages/passlib/utils/__init__.py:854
.venv/lib/python3.12/site-packages/passlib/utils/__init__.py:854
.venv/lib/python3.12/site-packages/passlib/utils/__init__.py:854
  /home/user/kaupamex-api/.venv/lib/python3.12/site-packages/passlib/utils/__init__.py:854: DeprecationWarning: 'crypt' is deprecated and slated for removal in Python 3.13
    from crypt import crypt as _crypt

tests/unit/orm/test_fields_related.py::TestResolveDepends::test_it_resolves_a_declared_chain_to_its_fields
  /home/user/kaupamex-api/src/orm/fields.py:3417: UserWarning: Field base.ResPartner.name should be declared with recursive=True
    warnings.warn(

-- Docs: https://docs.pytest.org/en/stable/how-to/capture-warnings.html
=========================== short test summary info ============================
FAILED tests/integration/base/test_report_engine.py::TestCallBetweenTemplates::test_the_call_grafts_the_children_of_the_called_descriptor
FAILED tests/integration/base/test_report_engine.py::TestCallBetweenTemplates::test_the_called_template_arrives_with_its_combined_arch
FAILED tests/integration/base/test_report_engine.py::TestCallBetweenTemplates::test_priority_breaks_the_tie_as_it_does_in_the_root
FAILED tests/integration/test_schema.py::TestSchemaEndpoint::test_schema_titulo_nombra_la_plataforma
FAILED tests/unit/base/test_system_parameter.py::TestBusinessKeysL2::test_backup_alert_email_seeded_without_stale_domain
FAILED tests/integration/auto_backup/test_backups.py::TestBackupFailAlert::test_uses_the_value_seeded_by_the_migration
FAILED tests/unit/orm/test_sugar_packages.py::TestTheBlockedOnesDeclareTheirCoverage::test_src_orm_does_not_declare_it_yet[models-BaseModel]
FAILED tests/unit/scripts/test_check_identifier_language_stub.py::TestStubResolvesTheProvider::test_it_finds_thyrox_as_a_sibling
FAILED tests/unit/scripts/test_check_identifier_language_stub.py::TestStubResolvesTheProvider::test_a_declared_thyrox_root_wins
FAILED tests/unit/scripts/test_check_identifier_language_stub.py::TestStubPropagatesThisTreesBaseline::test_an_english_only_file_passes
FAILED tests/unit/scripts/test_check_identifier_language_stub.py::TestStubPropagatesThisTreesBaseline::test_a_fresh_spanish_identifier_fails
FAILED tests/unit/scripts/test_check_identifier_language_stub.py::TestStubPropagatesThisTreesBaseline::test_an_explicit_baseline_override_wins_over_the_default
FAILED tests/unit/scripts/test_check_identifier_reference_name.py::TestTheGateMeasuresTheWholeTreeAndPublishesItsDenominator::test_the_tree_is_clean
FAILED tests/unit/scripts/test_orden_de_porte.py::TestAgainstTheRealTree::test_what_is_genuinely_absent_stays_absent
14 failed, 10428 passed, 27 skipped, 6 warnings in 771.77s (0:12:51)
EXIT=1
