ERROR tests/unit/orm/test_filtered_domain.py::TestFilteredDomain::test_the_queryset_method_delegates_to_the_function
ERROR tests/unit/orm/test_filtered_domain.py::TestFilteredDomain::test_it_returns_a_list_not_a_queryset
ERROR tests/unit/orm/test_filtered_domain.py::TestUnaccentDecisionIsShared::test_both_ways_answer_the_same
ERROR tests/unit/orm/test_precompute_before_insert.py::TestTheReceiverFiresOnlyOnInsert::test_a_row_that_already_exists_is_left_alone
ERROR tests/unit/orm/test_precompute_before_insert.py::TestTheUnsavedRowNeverReachesTheCache::test_the_cache_does_take_the_value_of_a_saved_row
ERROR tests/unit/orm/test_precompute_before_insert.py::TestValidityDateEndToEnd::test_creating_without_naming_it_computes_the_date
ERROR tests/unit/orm/test_precompute_before_insert.py::TestValidityDateEndToEnd::test_creating_with_an_explicit_none_leaves_it_unset
ERROR tests/unit/orm/test_related_field_declaration.py::TestTheFourDeclaredInResBank::test_the_account_reads_the_name_and_the_bic_of_its_bank
ERROR tests/unit/orm/test_related_field_declaration.py::TestTheFourDeclaredInResBank::test_the_chain_of_two_links_resolves_end_to_end
ERROR tests/unit/orm/test_related_in_every_field_type.py::TestTheChainResolvesForEachShape::test_a_many2one_chain_gives_the_instance_at_the_end
ERROR tests/unit/orm/test_related_in_every_field_type.py::TestTheChainResolvesForEachShape::test_a_one2many_chain_gives_the_manager_at_the_end
ERROR tests/unit/orm/test_related_write_reaches_the_far_end.py::TestTheWriteReachesTheEndOfTheChain::test_writing_bank_name_renames_the_bank
ERROR tests/unit/orm/test_related_write_reaches_the_far_end.py::TestTheWriteReachesTheEndOfTheChain::test_writing_bank_bic_reaches_the_bank_too
ERROR tests/unit/orm/test_related_write_reaches_the_far_end.py::TestTheWriteReachesTheEndOfTheChain::test_a_readonly_related_does_not_propagate
ERROR tests/unit/orm/test_related_write_reaches_the_far_end.py::TestTheRelationalShape::test_writing_a_manager_end_uses_the_django_api
ERROR tests/unit/orm/test_related_write_reaches_the_far_end.py::TestResCompanyBankIds::test_the_company_reads_the_accounts_of_its_partner
ERROR tests/unit/orm/test_related_write_reaches_the_far_end.py::TestResCompanyBankIds::test_writing_from_the_company_reaches_the_partner
ERROR tests/unit/orm/test_unaccent.py::TestBothWaysIgnoreTheAccent::test_the_engine_finds_the_accented_row
ERROR tests/unit/orm/test_unaccent.py::TestBothWaysIgnoreTheAccent::test_the_in_memory_predicate_finds_it_too
ERROR tests/unit/orm/test_unaccent.py::TestBothWaysIgnoreTheAccent::test_the_two_ways_agree
ERROR tests/unit/orm/test_unaccent.py::TestBothWaysIgnoreTheAccent::test_it_works_in_the_other_direction_too
ERROR tests/unit/orm/test_utils_record_adaptation.py::TestTheBrowsePreservesTheOrderItWasGiven::test_the_given_sequence_survives
ERROR tests/unit/orm/test_utils_record_adaptation.py::TestTheBrowsePreservesTheOrderItWasGiven::test_the_reversed_sequence_survives_too
ERROR tests/unit/orm/test_utils_record_adaptation.py::TestTheBrowsePreservesTheOrderItWasGiven::test_the_model_ordering_does_not_win
318 failed, 1813 passed, 1 xfailed, 2 warnings, 74 errors in 79.19s (0:01:19)
EXIT=0
