F..F....                                                                 [100%]
=================================== FAILURES ===================================
_ TestTheDeclaredComputeIsDispatched.test_the_read_returns_what_the_compute_produces _
tests/unit/orm/test_nonstored_compute_dispatch.py:89: in test_the_read_returns_what_the_compute_produces
    assert probe.label == 'calculado'
E   AssertionError: assert None == 'calculado'
E    +  where None = <ComputeDispatchProbe: ComputeDispatchProbe object (None)>.label
_ TestTheDeclaredComputeIsDispatched.test_a_callable_compute_is_dispatched_too _
tests/unit/orm/test_nonstored_compute_dispatch.py:108: in test_a_callable_compute_is_dispatched_too
    assert field.__get__(ComputeDispatchProbe()) == 'por invocable'
E   AssertionError: assert None == 'por invocable'
E    +  where None = <bound method NonStored.__get__ of <orm.fields_nonstored.NonStored object at 0x7f58edb78230>>(<ComputeDispatchProbe: ComputeDispatchProbe object (None)>)
E    +    where <bound method NonStored.__get__ of <orm.fields_nonstored.NonStored object at 0x7f58edb78230>> = <orm.fields_nonstored.NonStored object at 0x7f58edb78230>.__get__
E    +    and   <ComputeDispatchProbe: ComputeDispatchProbe object (None)> = ComputeDispatchProbe()
=============================== warnings summary ===============================
.venv/lib/python3.12/site-packages/passlib/utils/__init__.py:854
  /home/user/kaupamex-api/.venv/lib/python3.12/site-packages/passlib/utils/__init__.py:854: DeprecationWarning: 'crypt' is deprecated and slated for removal in Python 3.13
    from crypt import crypt as _crypt

-- Docs: https://docs.pytest.org/en/stable/how-to/capture-warnings.html
=========================== short test summary info ============================
FAILED tests/unit/orm/test_nonstored_compute_dispatch.py::TestTheDeclaredComputeIsDispatched::test_the_read_returns_what_the_compute_produces
FAILED tests/unit/orm/test_nonstored_compute_dispatch.py::TestTheDeclaredComputeIsDispatched::test_a_callable_compute_is_dispatched_too
2 failed, 6 passed, 1 warning in 5.41s
EXIT=1
