bringing up nodes...
bringing up nodes...

........................................................................ [  0%]
.................................sssssssss.sssssssss.....ssssssss....... [  1%]
........................................................................ [  2%]
........................................................................ [  2%]
........................................................................ [  3%]
........................................................................ [  4%]
........................................................................ [  4%]
........................................................................ [  5%]
........................................................................ [  6%]
........................................................................ [  6%]
........................................................................ [  7%]
........................................................................ [  8%]
........................................................................ [  8%]
........................................................................ [  9%]
........................................................................ [ 10%]
........................................................................ [ 10%]
........................................................................ [ 11%]
........................................................................ [ 12%]
........................................................................ [ 12%]
........................................................................ [ 13%]
........................................................................ [ 14%]
........................................................................ [ 15%]
........................................................................ [ 15%]
........................................................................ [ 16%]
........................................................................ [ 17%]
........................................................................ [ 17%]
........................................................................ [ 18%]
........................................................................ [ 19%]
........................................................................ [ 19%]
........................................................................ [ 20%]
........................................................................ [ 21%]
........................................................................ [ 21%]
........................................................................ [ 22%]
........................................................................ [ 23%]
........................................................................ [ 23%]
........................................................................ [ 24%]
........................................................................ [ 25%]
........................................................................ [ 25%]
........................................................................ [ 26%]
........................................................................ [ 27%]
........................................................................ [ 27%]
........................................................................ [ 28%]
........................................................................ [ 29%]
........................................................................ [ 30%]
........................................................................ [ 30%]
........................................................................ [ 31%]
........................................................................ [ 32%]
........................................................................ [ 32%]
........................................................................ [ 33%]
........................................................................ [ 34%]
........................................................................ [ 34%]
........................................................................ [ 35%]
........................................................................ [ 36%]
........................................................................ [ 36%]
........................................................................ [ 37%]
........................................................................ [ 38%]
........................................................................ [ 38%]
........................................................................ [ 39%]
........................................................................ [ 40%]
........................................................................ [ 40%]
........................................................................ [ 41%]
........................................................................ [ 42%]
........................................................................ [ 43%]
........................................................................ [ 43%]
........................................................................ [ 44%]
........................................................................ [ 45%]
........................................................................ [ 45%]
......................................................................... [ 46%]
........................................................................ [ 47%]
......................................................................... [ 47%]
........................................................................ [ 48%]
........................................................................ [ 49%]
........................................................................ [ 49%]
........................................................................ [ 50%]
........................................................................ [ 51%]
........................................................................ [ 51%]
........................................................................ [ 52%]
........................................................................ [ 53%]
........................................................................ [ 53%]
........................................................................ [ 54%]
........................................................................ [ 55%]
........................................................................ [ 56%]
........................................................................ [ 56%]
......................................................................... [ 57%]
........................................................................ [ 58%]
........................................................................ [ 58%]
........................................................................ [ 59%]
......................................................................... [ 60%]
........................................................................ [ 60%]
........................................................................ [ 61%]
........................................................................ [ 62%]
........................................................................ [ 62%]
........................................................................ [ 63%]
........................................................................ [ 64%]
........................................................................ [ 64%]
........................................................................ [ 65%]
..................................................F........F............ [ 66%]
........................................................................ [ 66%]
........................................................................ [ 67%]
........................................................................ [ 68%]
........................................................................ [ 68%]
........................................................................ [ 69%]
........................................................................ [ 70%]
........................................................................ [ 71%]
........................................................................ [ 71%]
........................................................................ [ 72%]
........................................................................ [ 73%]
........................................................................ [ 73%]
........................................................................ [ 74%]
........................................................................ [ 75%]
........................................................................ [ 75%]
........................................................................ [ 76%]
........................................................................ [ 77%]
........................................................................ [ 77%]
........................................................................ [ 78%]
..................x..................................................... [ 79%]
........................................................................ [ 79%]
........................................................................ [ 80%]
........................................................................ [ 81%]
..........................s.......s......s.............................. [ 81%]
........................................................................ [ 82%]
........................................................................ [ 83%]
........................................................................ [ 84%]
........................................................................ [ 84%]
......................................................................... [ 85%]
........................................................................ [ 86%]
........................................................................ [ 86%]
........................................................................ [ 87%]
........................................................................ [ 88%]
........................................................................ [ 88%]
........................................................................ [ 89%]
........................................................................ [ 90%]
........................................................................ [ 90%]
........................................................................ [ 91%]
........................................................................ [ 92%]
........................................................................ [ 92%]
......................................................................... [ 93%]
........................................................................ [ 94%]
........................................................................ [ 94%]
........................................................................ [ 95%]
......................................................................Exception ignored in: <function Transport.__del__ at 0x7f3430034180>
Traceback (most recent call last):
  File "/home/user/kaupamex-api/.venv/lib/python3.12/site-packages/zeep/transports.py", line 170, in __del__
.    self.session.close()
    ^^^^^^^^^^^^^^^^^^
AttributeError: 'object' object has no attribute 'close'
. [ 96%]
.Exception ignored in: <function Transport.__del__ at 0x7f3430034180>
Traceback (most recent call last):
  File "/home/user/kaupamex-api/.venv/lib/python3.12/site-packages/zeep/transports.py", line 170, in __del__
    self.session.close()
    ^^^^^^^^^^^^^^^^^^
AttributeError: 'object' object has no attribute 'close'
....................................................................... [ 97%]
........................................................................ [ 97%]
..........................................................F............. [ 98%]
........................................................................ [ 99%]
........................................................................ [ 99%]
...........................                                              [100%]
=================================== FAILURES ===================================
_ TestUniversalAdoption.test_none_declares_it_as_something_other_than_the_field _
[gw0] linux -- Python 3.12.3 /home/user/kaupamex-api/.venv/bin/python
tests/unit/orm/test_display_name.py:71: in test_none_declares_it_as_something_other_than_the_field
    assert not_a_field() == []
E   AssertionError: assert ['test_orm.Te...display_name'] == []
E     Left contains one more item: 'test_orm.TestOrmCategory.display_name es FieldDescriptor declarado en TestOrmCategory, no el campo NonStored del mixin — el cómputo va en _compute_display_name'
E     Use -v to get more diff
_ TestTheGateDiscriminates.test_it_names_a_model_that_declares_display_name_as_a_property _
[gw0] linux -- Python 3.12.3 /home/user/kaupamex-api/.venv/bin/python
tests/unit/orm/test_display_name.py:182: in test_it_names_a_model_that_declares_display_name_as_a_property
    assert not_a_field() == []
E   AssertionError: assert ['test_orm.Te...display_name'] == []
E     Left contains one more item: 'test_orm.TestOrmCategory.display_name es FieldDescriptor declarado en TestOrmCategory, no el campo NonStored del mixin — el cómputo va en _compute_display_name'
E     Use -v to get more diff
_ TestTheBaselineAbsorbsTheInheritedDebtAndOnlyThat.test_every_offender_measured_today_is_in_the_baseline _
[gw0] linux -- Python 3.12.3 /home/user/kaupamex-api/.venv/bin/python
tests/unit/scripts/test_check_fk_naming.py:99: in test_every_offender_measured_today_is_in_the_baseline
    assert fresh == []
E   AssertionError: assert ['src/addons/...on.moderator'] == []
E     Left contains 2 more items, first extra item: 'src/addons/test_orm/models/test_orm.py::TestOrmCategory.parent'
E     Use -v to get more diff
=============================== warnings summary ===============================
.venv/lib/python3.12/site-packages/passlib/utils/__init__.py:854
.venv/lib/python3.12/site-packages/passlib/utils/__init__.py:854
.venv/lib/python3.12/site-packages/passlib/utils/__init__.py:854
.venv/lib/python3.12/site-packages/passlib/utils/__init__.py:854
.venv/lib/python3.12/site-packages/passlib/utils/__init__.py:854
  /home/user/kaupamex-api/.venv/lib/python3.12/site-packages/passlib/utils/__init__.py:854: DeprecationWarning: 'crypt' is deprecated and slated for removal in Python 3.13
    from crypt import crypt as _crypt

tests/unit/orm/test_fields_related.py::TestResolveDepends::test_it_resolves_a_declared_chain_to_its_fields
  /home/user/kaupamex-api/src/orm/fields.py:3518: UserWarning: Field base.ResPartner.name should be declared with recursive=True
    warnings.warn(

-- Docs: https://docs.pytest.org/en/stable/how-to/capture-warnings.html
=========================== short test summary info ============================
FAILED tests/unit/orm/test_display_name.py::TestUniversalAdoption::test_none_declares_it_as_something_other_than_the_field
FAILED tests/unit/orm/test_display_name.py::TestTheGateDiscriminates::test_it_names_a_model_that_declares_display_name_as_a_property
FAILED tests/unit/scripts/test_check_fk_naming.py::TestTheBaselineAbsorbsTheInheritedDebtAndOnlyThat::test_every_offender_measured_today_is_in_the_baseline
3 failed, 10512 passed, 30 skipped, 1 xfailed, 6 warnings in 352.71s (0:05:52)
EXIT=1
