........................................................................ [  0%]
.....EE.....F.F......................................................... [  1%]
..F..................................................................... [  2%]
........................................................................ [  2%]
........................................................................ [  3%]
........................................................................ [  4%]
........................................................................ [  4%]
.............F..................................F....................... [  5%]
........................................................................ [  6%]
........................................................................ [  6%]
....sssssssss.sssssssss.ssssssss........................................ [  7%]
........................................................................ [  8%]
........FF..................F........................................... [  8%]
.......FFF.FF............FFFFFFFFFFFFF.................................. [  9%]
........................................................................ [ 10%]
....................................................FF.................. [ 10%]
........................................................................ [ 11%]
........................................................................ [ 12%]
....................................................F...........FF...... [ 12%]
...................EEEEEEEEEE........................................... [ 13%]
........................................................................ [ 14%]
.......F................................................................ [ 14%]
.......................................FFFFFFFFFFFFFF.F................. [ 15%]
F..FFFFF.FFFFFFFF............E.......................................... [ 16%]
............F........................................................... [ 16%]
................................EE...F.......................EEEEEEE.... [ 17%]
........................................................................ [ 18%]
.......................FFFF............................................. [ 18%]
...................................................FF..F................ [ 19%]
.............F.FFF..................FFFF.............FFFFF.............. [ 20%]
..........................................FFFFF.......FFFF....FFFFF..... [ 21%]
...........F.......FFFFF................................................ [ 21%]
...................FF............FFFFFFFFFFFFFF.FFF...........FFFFFFFFFF [ 22%]
F..FFFFFFFFFFFFFFF.FFFFFF......EEE.EEE.......................F......EEEE [ 23%]
E....................................................................... [ 23%]
........................................................................ [ 24%]
........................................................................ [ 25%]
.............FFFFFFFFFFFFFF............................................. [ 25%]
........FFFFFFFFFFFFFFFFFF............FF................................ [ 26%]
........................................................................ [ 27%]
........................................................................ [ 27%]
......................................................FFFF.............. [ 28%]
........................................................................ [ 29%]
...........................F............................................ [ 29%]
......FFFFFF............................................................ [ 30%]
................................................................FF.F.... [ 31%]
........................................................................ [ 31%]
........................................................................ [ 32%]
........................................................................ [ 33%]
.............................................FFFFFF..................... [ 33%]
.......................................................FFF..EEEEE.EEEEEE [ 34%]
EEE..............................................................F...... [ 35%]
..............FFF....................................................... [ 35%]
........................................................................ [ 36%]
........................................................................ [ 37%]
........................................................................ [ 37%]
........................................................................ [ 38%]
........................................................................ [ 39%]
........................F............................................... [ 39%]
...................F.F..........................................F....... [ 40%]
........................................................................ [ 41%]
..........................................................F............. [ 42%]
........................................................................ [ 42%]
...................................................F...........F........ [ 43%]
........................................................................ [ 44%]
........................................................................ [ 44%]
.............................FFF.F...................................... [ 45%]
.................................FF..................................... [ 46%]
.................................................................F...... [ 46%]
....................FFF...............F.FF.............................. [ 47%]
........................................................................ [ 48%]
..............................F........F..........FF.................F.. [ 48%]
........................................................................ [ 49%]
........................................................................ [ 50%]
........................................................................ [ 50%]
........................................................................ [ 51%]
.......FFFF...FFF....................................................... [ 52%]
.......................FF...F........................................... [ 52%]
........................................................................ [ 53%]
................................................................F....... [ 54%]
.................................................FF..F.FFFF............. [ 54%]
................FF...................................................... [ 55%]
........................................................................ [ 56%]
........................................................................ [ 56%]
........................................................................ [ 57%]
........................................................................ [ 58%]
......................F................................................. [ 58%]
........................................................................ [ 59%]
................Esss.E.E.E.E.E.E.E.E.EFEFEFE