# Diagnostico de la suite colgada — lanzada 09:07:19, sin salida desde 09:22:23
# fecha del diagnostico: 2026-09-12T09:52:19

## El proceso NO trabaja: bloqueado en poll, 0 ticks de CPU en 3 s
  PID     ELAPSED     TIME STAT WCHAN
19495       45:00 00:12:36 Sl   poll_schedule_timeout.constprop.0

## Su stack de kernel
[<0>] poll_schedule_timeout.constprop.0+0x39/0x90
[<0>] do_poll.constprop.0+0x227/0x330
[<0>] do_sys_poll+0x1d5/0x270
[<0>] __x64_sys_poll+0xcc/0x1b0
[<0>] x64_sys_call+0xac4/0x2350

## pg_stat_activity — un backend en transaccion abierta, cuatro esperando lock
23200|2026-09-12 09:12:36.580012+00|idle in transaction|Client|ClientRead|00:29:56.214742|SELECT "base_automation"."id", "base_automation"."created_at
752|2026-09-12 09:20:52.150566+00|active|Lock|relation|00:31:27.638794|SELECT "ir_cron"."id", "ir_cron"."ir_actions_server_id", "ir
921|2026-09-12 09:21:10.206446+00|active|Lock|relation|00:31:09.383377|SELECT "ir_cron"."id", "ir_cron"."ir_actions_server_id", "ir
1516|2026-09-12 09:22:11.989443+00|active|Lock|relation|00:30:07.599514|SELECT "ir_cron"."id", "ir_cron"."ir_actions_server_id", "ir
1609|2026-09-12 09:22:23.582976+00|active|Lock|relation|00:29:56.208886|select number_next from "ir_sequence" where id = 327 for upd

## pg_blocking_pids — los cuatro los bloquea 23200
752|{23200}|SELECT "ir_cron"."id", "ir_cron"."ir_actions_server_id"
921|{23200}|SELECT "ir_cron"."id", "ir_cron"."ir_actions_server_id"
1516|{23200}|SELECT "ir_cron"."id", "ir_cron"."ir_actions_server_id"
1609|{23200}|select number_next from "ir_sequence" where id = 327 fo

## Cola del log de la suite (ultimo avance: 59%)
........................................................................ [ 58%]
......................F................................................. [ 58%]
........................................................................ [ 59%]
................Esss.E.E.E.E.E.E.E.E.EFEFEFE
VEREDICTO: la corrida NO es citable. No midio la suite; midio una espera de lock.
