fk_store_false: OK
fk_column_none: OK
fk_not_concrete: OK
fk_not_in_concrete_fields: OK
fk_not_in_ddl: OK
fk_in_private_fields: OK
fk_not_in_migration_state: OK
ctrl_fk_in_ddl: OK
fk_no_reverse_on_target: OK
fk_remote_model_resolved: OK
m2m_store_false: OK
m2m_not_in_local_m2m: OK
m2m_through_is_none: OK
m2m_no_through_model: OK
m2m_not_in_migration_state: OK
m2m_no_reverse_on_target: OK
ctrl_m2m_through_exists: OK
no_relation_check_errors: OK
concrete_fields: ['ctrl_fk', 'id', 'kept']
many_to_many: ['ctrl_m2m', 'm2m_nostore']
private_fields: ['fk_nostore', 'm2m_nostore']
through_labels: ['base.ProbeRelOwner_ctrl_m2m']
migration_state_fields: ['id', 'kept', 'ctrl_fk', 'ctrl_m2m']
check_error_ids: []
target_reverse_attrs: ['ctrl_m2m_owners', 'ctrl_owners']
DDL: CREATE TABLE "probe_rel_owner" ("id" bigint NOT NULL PRIMARY KEY GENERATED BY DEFAULT AS IDENTITY, "kept" varchar(8) NOT NULL, "ctrl_fk_id" bigint NOT NULL); CREATE TABLE "probe_rel_owner_ctrl_m2m" ("id" bigint NOT NULL PRIMARY KEY GENERATED BY DEFAULT AS IDENTITY, "proberelowner_id" bigint NOT NULL, "probereltarget_id" bigint NOT NULL); ALTER TABLE "probe_rel_owner" ADD CONSTRAINT "probe_rel_owner_ctrl_fk_id_2ca1a2af_fk_probe_rel_target_id" FOREIGN KEY ("ctrl_fk_id") REFERENCES "probe_rel_target" ("id") DEFERRABLE INITIALLY DEFERRED; ALTER TABLE "probe_rel_owner_ctrl_m2m" ADD CONSTRAINT "probe_rel_owner_ctrl_m2m_proberelowner_id_probere_66904bd2_uniq" UNIQUE ("proberelowner_id", "probereltarget_id"); ALTER TABLE "probe_rel_owner_ctrl_m2m" ADD CONSTRAINT "probe_rel_owner_ctrl_proberelowner_id_fe648e93_fk_probe_rel" FOREIGN KEY ("proberelowner_id") REFERENCES "probe_rel_owner" ("id") DEFERRABLE INITIALLY DEFERRED; ALTER TABLE "probe_rel_owner_ctrl_m2m" ADD CONSTRAINT "probe_rel_owner_ctrl_probereltarget_id_4b0211c7_fk_probe_rel" FOREIGN KEY ("probereltarget_id") REFERENCES "probe_rel_target" ("id") DEFERRABLE INITIALLY DEFERRED;
VEREDICTO relacional_store_false: OK
