bringing up nodes...
bringing up nodes...

........................................................................ [  0%]
.....................sssssssss.sssssssss.ssssssss....................... [  1%]
........................................................................ [  2%]
........................................................................ [  2%]
........................................................................ [  3%]
........................................................................ [  4%]
........................................................................ [  4%]
........................................................................ [  5%]
........................................................................ [  6%]
........................................................................ [  6%]
........................................................................ [  7%]
........................................................................ [  8%]
........................................................................ [  8%]
........................................................................ [  9%]
........................................................................ [ 10%]
........................................................................ [ 10%]
......................................................................... [ 11%]
........................................................................ [ 12%]
........................................................................ [ 13%]
........................................................................ [ 13%]
........................................................................ [ 14%]
........................................................................ [ 15%]
........................................................................ [ 15%]
........................................................................ [ 16%]
........................................................................ [ 17%]
........................................................................ [ 17%]
........................................................................ [ 18%]
........................................................................ [ 19%]
........................................................................ [ 19%]
........................................................................ [ 20%]
........................................................................ [ 21%]
........................................................................ [ 21%]
........................................................................ [ 22%]
........................................................................ [ 23%]
........................................................................ [ 23%]
........................................................................ [ 24%]
......................................................................... [ 25%]
........................................................................ [ 26%]
........................................................................ [ 26%]
........................................................................ [ 27%]
........................................................................ [ 28%]
........................................................................ [ 28%]
........................................................................ [ 29%]
........................................................................ [ 30%]
........................................................................ [ 30%]
........................................................................ [ 31%]
........................................................................ [ 32%]
........................................................................ [ 32%]
........................................................................ [ 33%]
........................................................................ [ 34%]
........................................................................ [ 34%]
.................................................EEE.......E......E..... [ 35%]
.E.....E...E.E....E..E..E.......E....................................... [ 36%]
........................................................................ [ 37%]
........................................................................ [ 37%]
........................................................................ [ 38%]
........................................................................ [ 39%]
........................................................................ [ 39%]
........................................................................ [ 40%]
........................................................................ [ 41%]
........................................................................ [ 41%]
........................................................................ [ 42%]
........................................................................ [ 43%]
........................................................................ [ 43%]
........................................................................ [ 44%]
........................................................................ [ 45%]
........................................................................ [ 45%]
........................................................................ [ 46%]
......................................................................... [ 47%]
........................................................................ [ 47%]
........................................................................ [ 48%]
........................................................................ [ 49%]
........................................................................ [ 50%]
........................................................................ [ 50%]
........................................................................ [ 51%]
........................................................................ [ 52%]
........................................................................ [ 52%]
........................................................................ [ 53%]
........................................................................ [ 54%]
........................................................................ [ 54%]
........................................................................ [ 55%]
........................................................................ [ 56%]
........................................................................ [ 56%]
........................................................................ [ 57%]
........................................................................ [ 58%]
........................................................................ [ 58%]
........................................................................ [ 59%]
........................................................................ [ 60%]
........................................................................ [ 60%]
........................................................................ [ 61%]
........................................................................ [ 62%]
........................................................................ [ 63%]
........................................................................ [ 63%]
........................................................................ [ 64%]
........................................................................ [ 65%]
........................................................................ [ 65%]
........................................................................ [ 66%]
........................................................................ [ 67%]
........................................................................ [ 67%]
........................................................................ [ 68%]
........................................................................ [ 69%]
........................................................................ [ 69%]
...............................................................s........ [ 70%]
........................................................................ [ 71%]
........................................................................ [ 71%]
........................................................................ [ 72%]
........................................................................ [ 73%]
........................................................................ [ 74%]
........................................................................ [ 74%]
........................................................................ [ 75%]
.........................................................s.............. [ 76%]
..................x..................................................... [ 76%]
........................................................................ [ 77%]
........................................................................ [ 78%]
...........s............................................................ [ 78%]
........................................................................ [ 79%]
........................................................................ [ 80%]
........................................................................ [ 80%]
........................................................................ [ 81%]
........................................................................ [ 82%]
........................................................................ [ 82%]
........................................................................ [ 83%]
........................................................................ [ 84%]
........................................................................ [ 84%]
........................................................................ [ 85%]
........................................................................ [ 86%]
........................................................................ [ 87%]
........................................................................ [ 87%]
........................................................................ [ 88%]
........................................................................ [ 89%]
........................................................................ [ 89%]
........................................................................ [ 90%]
........................................................................ [ 91%]
..........................Exception ignored in: <function Transport.__del__ at 0x7fa21644fb00>
Traceback (most recent call last):
  File "/home/user/kaupamex-api/.venv/lib/python3.12/site-packages/zeep/transports.py", line 170, in __del__
    self.session.close()
    ^^^^^^^^^^^^^^^^^^
AttributeError: 'object' object has no attribute 'close'
...Exception ignored in: <function Transport.__del__ at 0x7fa21644fb00>
Traceback (most recent call last):
  File "/home/user/kaupamex-api/.venv/lib/python3.12/site-packages/zeep/transports.py", line 170, in __del__
    self.session.close()
    ^^^^^^^^^^^^^^^^^^
AttributeError: 'object' object has no attribute 'close'
........................................... [ 91%]
........................................................................ [ 92%]
........................................................................ [ 93%]
........................................................................ [ 93%]
........................................................................ [ 94%]
........................................................................ [ 95%]
........................................................................ [ 95%]
..F..................................................................... [ 96%]
........................................................................ [ 97%]
........................................................................ [ 98%]
........................................................................ [ 98%]
........................................................................ [ 99%]
..................................................................       [100%]
==================================== ERRORS ====================================
_ ERROR at setup of TestCreateDropsTheIncomingHistory.test_create_is_a_symbol_of_this_model _
[gw1] linux -- Python 3.12.3 /home/user/kaupamex-api/.venv/bin/python
.venv/lib/python3.12/site-packages/django/db/backends/utils.py:103: in _execute
    return self.cursor.execute(sql)
.venv/lib/python3.12/site-packages/psycopg/cursor.py:117: in execute
    raise ex.with_traceback(None)
E   psycopg.errors.DuplicateTable: relation "html_editor_history_probe" already exists

The above exception was the direct cause of the following exception:
tests/unit/html_editor/test_html_field_history.py:86: in tables
    editor.create_model(model)
.venv/lib/python3.12/site-packages/django/db/backends/base/schema.py:513: in create_model
    self.execute(sql, params or None)
.venv/lib/python3.12/site-packages/django/db/backends/postgresql/schema.py:45: in execute
    return super().execute(sql, params)
.venv/lib/python3.12/site-packages/django/db/backends/base/schema.py:205: in execute
    cursor.execute(sql, params)
.venv/lib/python3.12/site-packages/django/db/backends/utils.py:79: in execute
    return self._execute_with_wrappers(
.venv/lib/python3.12/site-packages/django/db/backends/utils.py:92: in _execute_with_wrappers
    return executor(sql, params, many, context)
.venv/lib/python3.12/site-packages/django/db/backends/utils.py:100: in _execute
    with self.db.wrap_database_errors:
.venv/lib/python3.12/site-packages/django/db/utils.py:94: in __exit__
    raise dj_exc_value.with_traceback(traceback) from exc_value
.venv/lib/python3.12/site-packages/django/db/backends/utils.py:103: in _execute
    return self.cursor.execute(sql)
.venv/lib/python3.12/site-packages/psycopg/cursor.py:117: in execute
    raise ex.with_traceback(None)
E   django.db.utils.ProgrammingError: relation "html_editor_history_probe" already exists
_ ERROR at setup of TestCreateDropsTheIncomingHistory.test_the_history_that_arrives_from_outside_is_discarded _
[gw1] linux -- Python 3.12.3 /home/user/kaupamex-api/.venv/bin/python
.venv/lib/python3.12/site-packages/django/db/backends/utils.py:103: in _execute
    return self.cursor.execute(sql)
.venv/lib/python3.12/site-packages/psycopg/cursor.py:117: in execute
    raise ex.with_traceback(None)
E   psycopg.errors.DuplicateTable: relation "html_editor_history_probe" already exists

The above exception was the direct cause of the following exception:
tests/unit/html_editor/test_html_field_history.py:86: in tables
    editor.create_model(model)
.venv/lib/python3.12/site-packages/django/db/backends/base/schema.py:513: in create_model
    self.execute(sql, params or None)
.venv/lib/python3.12/site-packages/django/db/backends/postgresql/schema.py:45: in execute
    return super().execute(sql, params)
.venv/lib/python3.12/site-packages/django/db/backends/base/schema.py:205: in execute
    cursor.execute(sql, params)
.venv/lib/python3.12/site-packages/django/db/backends/utils.py:79: in execute
    return self._execute_with_wrappers(
.venv/lib/python3.12/site-packages/django/db/backends/utils.py:92: in _execute_with_wrappers
    return executor(sql, params, many, context)
.venv/lib/python3.12/site-packages/django/db/backends/utils.py:100: in _execute
    with self.db.wrap_database_errors:
.venv/lib/python3.12/site-packages/django/db/utils.py:94: in __exit__
    raise dj_exc_value.with_traceback(traceback) from exc_value
.venv/lib/python3.12/site-packages/django/db/backends/utils.py:103: in _execute
    return self.cursor.execute(sql)
.venv/lib/python3.12/site-packages/psycopg/cursor.py:117: in execute
    raise ex.with_traceback(None)
E   django.db.utils.ProgrammingError: relation "html_editor_history_probe" already exists
_ ERROR at setup of TestCreateDropsTheIncomingHistory.test_the_django_path_discards_it_too _
[gw1] linux -- Python 3.12.3 /home/user/kaupamex-api/.venv/bin/python
.venv/lib/python3.12/site-packages/django/db/backends/utils.py:103: in _execute
    return self.cursor.execute(sql)
.venv/lib/python3.12/site-packages/psycopg/cursor.py:117: in execute
    raise ex.with_traceback(None)
E   psycopg.errors.DuplicateTable: relation "html_editor_history_probe" already exists

The above exception was the direct cause of the following exception:
tests/unit/html_editor/test_html_field_history.py:86: in tables
    editor.create_model(model)
.venv/lib/python3.12/site-packages/django/db/backends/base/schema.py:513: in create_model
    self.execute(sql, params or None)
.venv/lib/python3.12/site-packages/django/db/backends/postgresql/schema.py:45: in execute
    return super().execute(sql, params)
.venv/lib/python3.12/site-packages/django/db/backends/base/schema.py:205: in execute
    cursor.execute(sql, params)
.venv/lib/python3.12/site-packages/django/db/backends/utils.py:79: in execute
    return self._execute_with_wrappers(
.venv/lib/python3.12/site-packages/django/db/backends/utils.py:92: in _execute_with_wrappers
    return executor(sql, params, many, context)
.venv/lib/python3.12/site-packages/django/db/backends/utils.py:100: in _execute
    with self.db.wrap_database_errors:
.venv/lib/python3.12/site-packages/django/db/utils.py:94: in __exit__
    raise dj_exc_value.with_traceback(traceback) from exc_value
.venv/lib/python3.12/site-packages/django/db/backends/utils.py:103: in _execute
    return self.cursor.execute(sql)
.venv/lib/python3.12/site-packages/psycopg/cursor.py:117: in execute
    raise ex.with_traceback(None)
E   django.db.utils.ProgrammingError: relation "html_editor_history_probe" already exists
_ ERROR at setup of TestWriteGeneratesTheRevision.test_write_is_a_symbol_of_this_model _
[gw1] linux -- Python 3.12.3 /home/user/kaupamex-api/.venv/bin/python
.venv/lib/python3.12/site-packages/django/db/backends/utils.py:103: in _execute
    return self.cursor.execute(sql)
.venv/lib/python3.12/site-packages/psycopg/cursor.py:117: in execute
    raise ex.with_traceback(None)
E   psycopg.errors.DuplicateTable: relation "html_editor_history_probe" already exists

The above exception was the direct cause of the following exception:
tests/unit/html_editor/test_html_field_history.py:86: in tables
    editor.create_model(model)
.venv/lib/python3.12/site-packages/django/db/backends/base/schema.py:513: in create_model
    self.execute(sql, params or None)
.venv/lib/python3.12/site-packages/django/db/backends/postgresql/schema.py:45: in execute
    return super().execute(sql, params)
.venv/lib/python3.12/site-packages/django/db/backends/base/schema.py:205: in execute
    cursor.execute(sql, params)
.venv/lib/python3.12/site-packages/django/db/backends/utils.py:79: in execute
    return self._execute_with_wrappers(
.venv/lib/python3.12/site-packages/django/db/backends/utils.py:92: in _execute_with_wrappers
    return executor(sql, params, many, context)
.venv/lib/python3.12/site-packages/django/db/backends/utils.py:100: in _execute
    with self.db.wrap_database_errors:
.venv/lib/python3.12/site-packages/django/db/utils.py:94: in __exit__
    raise dj_exc_value.with_traceback(traceback) from exc_value
.venv/lib/python3.12/site-packages/django/db/backends/utils.py:103: in _execute
    return self.cursor.execute(sql)
.venv/lib/python3.12/site-packages/psycopg/cursor.py:117: in execute
    raise ex.with_traceback(None)
E   django.db.utils.ProgrammingError: relation "html_editor_history_probe" already exists
_ ERROR at setup of TestWriteGeneratesTheRevision.test_changing_the_versioned_field_inserts_a_revision _
[gw1] linux -- Python 3.12.3 /home/user/kaupamex-api/.venv/bin/python
.venv/lib/python3.12/site-packages/django/db/backends/utils.py:103: in _execute
    return self.cursor.execute(sql)
.venv/lib/python3.12/site-packages/psycopg/cursor.py:117: in execute
    raise ex.with_traceback(None)
E   psycopg.errors.DuplicateTable: relation "html_editor_history_probe" already exists

The above exception was the direct cause of the following exception:
tests/unit/html_editor/test_html_field_history.py:86: in tables
    editor.create_model(model)
.venv/lib/python3.12/site-packages/django/db/backends/base/schema.py:513: in create_model
    self.execute(sql, params or None)
.venv/lib/python3.12/site-packages/django/db/backends/postgresql/schema.py:45: in execute
    return super().execute(sql, params)
.venv/lib/python3.12/site-packages/django/db/backends/base/schema.py:205: in execute
    cursor.execute(sql, params)
.venv/lib/python3.12/site-packages/django/db/backends/utils.py:79: in execute
    return self._execute_with_wrappers(
.venv/lib/python3.12/site-packages/django/db/backends/utils.py:92: in _execute_with_wrappers
    return executor(sql, params, many, context)
.venv/lib/python3.12/site-packages/django/db/backends/utils.py:100: in _execute
    with self.db.wrap_database_errors:
.venv/lib/python3.12/site-packages/django/db/utils.py:94: in __exit__
    raise dj_exc_value.with_traceback(traceback) from exc_value
.venv/lib/python3.12/site-packages/django/db/backends/utils.py:103: in _execute
    return self.cursor.execute(sql)
.venv/lib/python3.12/site-packages/psycopg/cursor.py:117: in execute
    raise ex.with_traceback(None)
E   django.db.utils.ProgrammingError: relation "html_editor_history_probe" already exists
_ ERROR at setup of TestWriteGeneratesTheRevision.test_the_revision_id_grows_by_one_on_each_change _
[gw1] linux -- Python 3.12.3 /home/user/kaupamex-api/.venv/bin/python
.venv/lib/python3.12/site-packages/django/db/backends/utils.py:103: in _execute
    return self.cursor.execute(sql)
.venv/lib/python3.12/site-packages/psycopg/cursor.py:117: in execute
    raise ex.with_traceback(None)
E   psycopg.errors.DuplicateTable: relation "html_editor_history_probe" already exists

The above exception was the direct cause of the following exception:
tests/unit/html_editor/test_html_field_history.py:86: in tables
    editor.create_model(model)
.venv/lib/python3.12/site-packages/django/db/backends/base/schema.py:513: in create_model
    self.execute(sql, params or None)
.venv/lib/python3.12/site-packages/django/db/backends/postgresql/schema.py:45: in execute
    return super().execute(sql, params)
.venv/lib/python3.12/site-packages/django/db/backends/base/schema.py:205: in execute
    cursor.execute(sql, params)
.venv/lib/python3.12/site-packages/django/db/backends/utils.py:79: in execute
    return self._execute_with_wrappers(
.venv/lib/python3.12/site-packages/django/db/backends/utils.py:92: in _execute_with_wrappers
    return executor(sql, params, many, context)
.venv/lib/python3.12/site-packages/django/db/backends/utils.py:100: in _execute
    with self.db.wrap_database_errors:
.venv/lib/python3.12/site-packages/django/db/utils.py:94: in __exit__
    raise dj_exc_value.with_traceback(traceback) from exc_value
.venv/lib/python3.12/site-packages/django/db/backends/utils.py:103: in _execute
    return self.cursor.execute(sql)
.venv/lib/python3.12/site-packages/psycopg/cursor.py:117: in execute
    raise ex.with_traceback(None)
E   django.db.utils.ProgrammingError: relation "html_editor_history_probe" already exists
_ ERROR at setup of TestWriteGeneratesTheRevision.test_writing_the_same_content_adds_no_revision _
[gw1] linux -- Python 3.12.3 /home/user/kaupamex-api/.venv/bin/python
.venv/lib/python3.12/site-packages/django/db/backends/utils.py:103: in _execute
    return self.cursor.execute(sql)
.venv/lib/python3.12/site-packages/psycopg/cursor.py:117: in execute
    raise ex.with_traceback(None)
E   psycopg.errors.DuplicateTable: relation "html_editor_history_probe" already exists

The above exception was the direct cause of the following exception:
tests/unit/html_editor/test_html_field_history.py:86: in tables
    editor.create_model(model)
.venv/lib/python3.12/site-packages/django/db/backends/base/schema.py:513: in create_model
    self.execute(sql, params or None)
.venv/lib/python3.12/site-packages/django/db/backends/postgresql/schema.py:45: in execute
    return super().execute(sql, params)
.venv/lib/python3.12/site-packages/django/db/backends/base/schema.py:205: in execute
    cursor.execute(sql, params)
.venv/lib/python3.12/site-packages/django/db/backends/utils.py:79: in execute
    return self._execute_with_wrappers(
.venv/lib/python3.12/site-packages/django/db/backends/utils.py:92: in _execute_with_wrappers
    return executor(sql, params, many, context)
.venv/lib/python3.12/site-packages/django/db/backends/utils.py:100: in _execute
    with self.db.wrap_database_errors:
.venv/lib/python3.12/site-packages/django/db/utils.py:94: in __exit__
    raise dj_exc_value.with_traceback(traceback) from exc_value
.venv/lib/python3.12/site-packages/django/db/backends/utils.py:103: in _execute
    return self.cursor.execute(sql)
.venv/lib/python3.12/site-packages/psycopg/cursor.py:117: in execute
    raise ex.with_traceback(None)
E   django.db.utils.ProgrammingError: relation "html_editor_history_probe" already exists
_ ERROR at setup of TestWriteGeneratesTheRevision.test_writing_a_non_versioned_field_adds_no_revision _
[gw1] linux -- Python 3.12.3 /home/user/kaupamex-api/.venv/bin/python
.venv/lib/python3.12/site-packages/django/db/backends/utils.py:103: in _execute
    return self.cursor.execute(sql)
.venv/lib/python3.12/site-packages/psycopg/cursor.py:117: in execute
    raise ex.with_traceback(None)
E   psycopg.errors.DuplicateTable: relation "html_editor_history_probe" already exists

The above exception was the direct cause of the following exception:
tests/unit/html_editor/test_html_field_history.py:86: in tables
    editor.create_model(model)
.venv/lib/python3.12/site-packages/django/db/backends/base/schema.py:513: in create_model
    self.execute(sql, params or None)
.venv/lib/python3.12/site-packages/django/db/backends/postgresql/schema.py:45: in execute
    return super().execute(sql, params)
.venv/lib/python3.12/site-packages/django/db/backends/base/schema.py:205: in execute
    cursor.execute(sql, params)
.venv/lib/python3.12/site-packages/django/db/backends/utils.py:79: in execute
    return self._execute_with_wrappers(
.venv/lib/python3.12/site-packages/django/db/backends/utils.py:92: in _execute_with_wrappers
    return executor(sql, params, many, context)
.venv/lib/python3.12/site-packages/django/db/backends/utils.py:100: in _execute
    with self.db.wrap_database_errors:
.venv/lib/python3.12/site-packages/django/db/utils.py:94: in __exit__
    raise dj_exc_value.with_traceback(traceback) from exc_value
.venv/lib/python3.12/site-packages/django/db/backends/utils.py:103: in _execute
    return self.cursor.execute(sql)
.venv/lib/python3.12/site-packages/psycopg/cursor.py:117: in execute
    raise ex.with_traceback(None)
E   django.db.utils.ProgrammingError: relation "html_editor_history_probe" already exists
_ ERROR at setup of TestWriteGeneratesTheRevision.test_the_history_cannot_be_written_from_outside _
[gw1] linux -- Python 3.12.3 /home/user/kaupamex-api/.venv/bin/python
.venv/lib/python3.12/site-packages/django/db/backends/utils.py:103: in _execute
    return self.cursor.execute(sql)
.venv/lib/python3.12/site-packages/psycopg/cursor.py:117: in execute
    raise ex.with_traceback(None)
E   psycopg.errors.DuplicateTable: relation "html_editor_history_probe" already exists

The above exception was the direct cause of the following exception:
tests/unit/html_editor/test_html_field_history.py:86: in tables
    editor.create_model(model)
.venv/lib/python3.12/site-packages/django/db/backends/base/schema.py:513: in create_model
    self.execute(sql, params or None)
.venv/lib/python3.12/site-packages/django/db/backends/postgresql/schema.py:45: in execute
    return super().execute(sql, params)
.venv/lib/python3.12/site-packages/django/db/backends/base/schema.py:205: in execute
    cursor.execute(sql, params)
.venv/lib/python3.12/site-packages/django/db/backends/utils.py:79: in execute
    return self._execute_with_wrappers(
.venv/lib/python3.12/site-packages/django/db/backends/utils.py:92: in _execute_with_wrappers
    return executor(sql, params, many, context)
.venv/lib/python3.12/site-packages/django/db/backends/utils.py:100: in _execute
    with self.db.wrap_database_errors:
.venv/lib/python3.12/site-packages/django/db/utils.py:94: in __exit__
    raise dj_exc_value.with_traceback(traceback) from exc_value
.venv/lib/python3.12/site-packages/django/db/backends/utils.py:103: in _execute
    return self.cursor.execute(sql)
.venv/lib/python3.12/site-packages/psycopg/cursor.py:117: in execute
    raise ex.with_traceback(None)
E   django.db.utils.ProgrammingError: relation "html_editor_history_probe" already exists
_ ERROR at setup of TestTheGuardOnTheVersionedFieldType.test_versioning_a_non_html_field_is_refused _
[gw1] linux -- Python 3.12.3 /home/user/kaupamex-api/.venv/bin/python
.venv/lib/python3.12/site-packages/django/db/backends/utils.py:103: in _execute
    return self.cursor.execute(sql)
.venv/lib/python3.12/site-packages/psycopg/cursor.py:117: in execute
    raise ex.with_traceback(None)
E   psycopg.errors.DuplicateTable: relation "html_editor_history_probe" already exists

The above exception was the direct cause of the following exception:
tests/unit/html_editor/test_html_field_history.py:86: in tables
    editor.create_model(model)
.venv/lib/python3.12/site-packages/django/db/backends/base/schema.py:513: in create_model
    self.execute(sql, params or None)
.venv/lib/python3.12/site-packages/django/db/backends/postgresql/schema.py:45: in execute
    return super().execute(sql, params)
.venv/lib/python3.12/site-packages/django/db/backends/base/schema.py:205: in execute
    cursor.execute(sql, params)
.venv/lib/python3.12/site-packages/django/db/backends/utils.py:79: in execute
    return self._execute_with_wrappers(
.venv/lib/python3.12/site-packages/django/db/backends/utils.py:92: in _execute_with_wrappers
    return executor(sql, params, many, context)
.venv/lib/python3.12/site-packages/django/db/backends/utils.py:100: in _execute
    with self.db.wrap_database_errors:
.venv/lib/python3.12/site-packages/django/db/utils.py:94: in __exit__
    raise dj_exc_value.with_traceback(traceback) from exc_value
.venv/lib/python3.12/site-packages/django/db/backends/utils.py:103: in _execute
    return self.cursor.execute(sql)
.venv/lib/python3.12/site-packages/psycopg/cursor.py:117: in execute
    raise ex.with_traceback(None)
E   django.db.utils.ProgrammingError: relation "html_editor_history_probe" already exists
_ ERROR at setup of TestTheRestoreRoundTrip.test_the_content_comes_back_at_the_asked_revision _
[gw1] linux -- Python 3.12.3 /home/user/kaupamex-api/.venv/bin/python
.venv/lib/python3.12/site-packages/django/db/backends/utils.py:103: in _execute
    return self.cursor.execute(sql)
.venv/lib/python3.12/site-packages/psycopg/cursor.py:117: in execute
    raise ex.with_traceback(None)
E   psycopg.errors.DuplicateTable: relation "html_editor_history_probe" already exists

The above exception was the direct cause of the following exception:
tests/unit/html_editor/test_html_field_history.py:86: in tables
    editor.create_model(model)
.venv/lib/python3.12/site-packages/django/db/backends/base/schema.py:513: in create_model
    self.execute(sql, params or None)
.venv/lib/python3.12/site-packages/django/db/backends/postgresql/schema.py:45: in execute
    return super().execute(sql, params)
.venv/lib/python3.12/site-packages/django/db/backends/base/schema.py:205: in execute
    cursor.execute(sql, params)
.venv/lib/python3.12/site-packages/django/db/backends/utils.py:79: in execute
    return self._execute_with_wrappers(
.venv/lib/python3.12/site-packages/django/db/backends/utils.py:92: in _execute_with_wrappers
    return executor(sql, params, many, context)
.venv/lib/python3.12/site-packages/django/db/backends/utils.py:100: in _execute
    with self.db.wrap_database_errors:
.venv/lib/python3.12/site-packages/django/db/utils.py:94: in __exit__
    raise dj_exc_value.with_traceback(traceback) from exc_value
.venv/lib/python3.12/site-packages/django/db/backends/utils.py:103: in _execute
    return self.cursor.execute(sql)
.venv/lib/python3.12/site-packages/psycopg/cursor.py:117: in execute
    raise ex.with_traceback(None)
E   django.db.utils.ProgrammingError: relation "html_editor_history_probe" already exists
_ ERROR at setup of TestTheRestoreRoundTrip.test_the_metadata_carries_no_patch _
[gw1] linux -- Python 3.12.3 /home/user/kaupamex-api/.venv/bin/python
.venv/lib/python3.12/site-packages/django/db/backends/utils.py:103: in _execute
    return self.cursor.execute(sql)
.venv/lib/python3.12/site-packages/psycopg/cursor.py:117: in execute
    raise ex.with_traceback(None)
E   psycopg.errors.DuplicateTable: relation "html_editor_history_probe" already exists

The above exception was the direct cause of the following exception:
tests/unit/html_editor/test_html_field_history.py:86: in tables
    editor.create_model(model)
.venv/lib/python3.12/site-packages/django/db/backends/base/schema.py:513: in create_model
    self.execute(sql, params or None)
.venv/lib/python3.12/site-packages/django/db/backends/postgresql/schema.py:45: in execute
    return super().execute(sql, params)
.venv/lib/python3.12/site-packages/django/db/backends/base/schema.py:205: in execute
    cursor.execute(sql, params)
.venv/lib/python3.12/site-packages/django/db/backends/utils.py:79: in execute
    return self._execute_with_wrappers(
.venv/lib/python3.12/site-packages/django/db/backends/utils.py:92: in _execute_with_wrappers
    return executor(sql, params, many, context)
.venv/lib/python3.12/site-packages/django/db/backends/utils.py:100: in _execute
    with self.db.wrap_database_errors:
.venv/lib/python3.12/site-packages/django/db/utils.py:94: in __exit__
    raise dj_exc_value.with_traceback(traceback) from exc_value
.venv/lib/python3.12/site-packages/django/db/backends/utils.py:103: in _execute
    return self.cursor.execute(sql)
.venv/lib/python3.12/site-packages/psycopg/cursor.py:117: in execute
    raise ex.with_traceback(None)
E   django.db.utils.ProgrammingError: relation "html_editor_history_probe" already exists
_ ERROR at setup of TestTheSizeLimitIsTheOneOfTheSource.test_the_class_attribute_is_verbatim _
[gw1] linux -- Python 3.12.3 /home/user/kaupamex-api/.venv/bin/python
.venv/lib/python3.12/site-packages/django/db/backends/utils.py:103: in _execute
    return self.cursor.execute(sql)
.venv/lib/python3.12/site-packages/psycopg/cursor.py:117: in execute
    raise ex.with_traceback(None)
E   psycopg.errors.DuplicateTable: relation "html_editor_history_probe" already exists

The above exception was the direct cause of the following exception:
tests/unit/html_editor/test_html_field_history.py:86: in tables
    editor.create_model(model)
.venv/lib/python3.12/site-packages/django/db/backends/base/schema.py:513: in create_model
    self.execute(sql, params or None)
.venv/lib/python3.12/site-packages/django/db/backends/postgresql/schema.py:45: in execute
    return super().execute(sql, params)
.venv/lib/python3.12/site-packages/django/db/backends/base/schema.py:205: in execute
    cursor.execute(sql, params)
.venv/lib/python3.12/site-packages/django/db/backends/utils.py:79: in execute
    return self._execute_with_wrappers(
.venv/lib/python3.12/site-packages/django/db/backends/utils.py:92: in _execute_with_wrappers
    return executor(sql, params, many, context)
.venv/lib/python3.12/site-packages/django/db/backends/utils.py:100: in _execute
    with self.db.wrap_database_errors:
.venv/lib/python3.12/site-packages/django/db/utils.py:94: in __exit__
    raise dj_exc_value.with_traceback(traceback) from exc_value
.venv/lib/python3.12/site-packages/django/db/backends/utils.py:103: in _execute
    return self.cursor.execute(sql)
.venv/lib/python3.12/site-packages/psycopg/cursor.py:117: in execute
    raise ex.with_traceback(None)
E   django.db.utils.ProgrammingError: relation "html_editor_history_probe" already exists
=================================== FAILURES ===================================
_ TestTheBaselineAbsorbsTheInheritedDebtAndOnlyThat.test_every_offender_measured_today_is_in_the_baseline _
[gw2] linux -- Python 3.12.3 /home/user/kaupamex-api/.venv/bin/python
tests/unit/scripts/test_check_fk_naming.py:99: in test_every_offender_measured_today_is_in_the_baseline
    assert fresh == []
E   AssertionError: assert ['src/addons/...on.moderator'] == []
E     Left contains 3 more items, first extra item: 'src/addons/test_orm/models/test_orm.py::TestOrmCategory.parent'
E     Use -v to get more diff
=============================== warnings summary ===============================
.venv/lib/python3.12/site-packages/passlib/utils/__init__.py:854
.venv/lib/python3.12/site-packages/passlib/utils/__init__.py:854
.venv/lib/python3.12/site-packages/passlib/utils/__init__.py:854
.venv/lib/python3.12/site-packages/passlib/utils/__init__.py:854
.venv/lib/python3.12/site-packages/passlib/utils/__init__.py:854
  /home/user/kaupamex-api/.venv/lib/python3.12/site-packages/passlib/utils/__init__.py:854: DeprecationWarning: 'crypt' is deprecated and slated for removal in Python 3.13
    from crypt import crypt as _crypt

tests/unit/orm/test_fields_related.py::TestResolveDepends::test_it_resolves_a_declared_chain_to_its_fields
  /home/user/kaupamex-api/src/orm/fields.py:3510: UserWarning: Field base.ResPartner.name should be declared with recursive=True
    warnings.warn(

-- Docs: https://docs.pytest.org/en/stable/how-to/capture-warnings.html
=========================== short test summary info ============================
FAILED tests/unit/scripts/test_check_fk_naming.py::TestTheBaselineAbsorbsTheInheritedDebtAndOnlyThat::test_every_offender_measured_today_is_in_the_baseline
ERROR tests/unit/html_editor/test_html_field_history.py::TestCreateDropsTheIncomingHistory::test_create_is_a_symbol_of_this_model
ERROR tests/unit/html_editor/test_html_field_history.py::TestCreateDropsTheIncomingHistory::test_the_history_that_arrives_from_outside_is_discarded
ERROR tests/unit/html_editor/test_html_field_history.py::TestCreateDropsTheIncomingHistory::test_the_django_path_discards_it_too
ERROR tests/unit/html_editor/test_html_field_history.py::TestWriteGeneratesTheRevision::test_write_is_a_symbol_of_this_model
ERROR tests/unit/html_editor/test_html_field_history.py::TestWriteGeneratesTheRevision::test_changing_the_versioned_field_inserts_a_revision
ERROR tests/unit/html_editor/test_html_field_history.py::TestWriteGeneratesTheRevision::test_the_revision_id_grows_by_one_on_each_change
ERROR tests/unit/html_editor/test_html_field_history.py::TestWriteGeneratesTheRevision::test_writing_the_same_content_adds_no_revision
ERROR tests/unit/html_editor/test_html_field_history.py::TestWriteGeneratesTheRevision::test_writing_a_non_versioned_field_adds_no_revision
ERROR tests/unit/html_editor/test_html_field_history.py::TestWriteGeneratesTheRevision::test_the_history_cannot_be_written_from_outside
ERROR tests/unit/html_editor/test_html_field_history.py::TestTheGuardOnTheVersionedFieldType::test_versioning_a_non_html_field_is_refused
ERROR tests/unit/html_editor/test_html_field_history.py::TestTheRestoreRoundTrip::test_the_content_comes_back_at_the_asked_revision
ERROR tests/unit/html_editor/test_html_field_history.py::TestTheRestoreRoundTrip::test_the_metadata_carries_no_patch
ERROR tests/unit/html_editor/test_html_field_history.py::TestTheSizeLimitIsTheOneOfTheSource::test_the_class_attribute_is_verbatim
1 failed, 10465 passed, 30 skipped, 1 xfailed, 6 warnings, 13 errors in 490.91s (0:08:10)
EXIT=1
