System check identified some issues:

WARNINGS:
base.PropertiesBaseDefinition.properties_field: (fields.W342) Setting unique=True on a ForeignKey has the same effect as using a OneToOneField.
	HINT: ForeignKey(unique=True) is usually better served by a OneToOneField.
fleet.FleetVehicleLogServices.account_move_line: (fields.W342) Setting unique=True on a ForeignKey has the same effect as using a OneToOneField.
	HINT: ForeignKey(unique=True) is usually better served by a OneToOneField.
Operations to perform:
  Apply all migrations: account, account_add_gln, account_check_printing, account_debit_note, account_edi, account_edi_proxy_client, account_fleet, account_payment, account_tax_python, account_test, account_update_tax_tags, admin, analytic, auth, authz, authz_audit, authz_ldap, authz_oauth, authz_passkey, authz_password_policy, authz_reauth, authz_signup, authz_totp, authz_totp_mail, auto_backup, base, base_address_extended, base_automation, base_geolocalize, base_import_module, base_install_request, base_setup, base_sparse_field, bus, certificate, contenttypes, crm, delivery, digest, fleet, helpdesk, hr, hr_homeworking, hr_recruitment, hr_recruitment_skills, hr_skills, hr_timesheet, hr_work_entry, html_editor, loyalty, mail, mass_mailing, mrp, mrp_subcontracting, onboarding, payment, product, product_matrix, project, purchase, purchase_requisition, rating, resource, sale, sale_crm, sale_loyalty, sale_management, sale_margin, sale_mrp, sale_product_matrix, sale_project, sale_purchase, sale_sms, sale_stock, sale_subscription, sale_timesheet, sales_team, sessions, sms, stock, stock_account, stock_landed_costs, token_blacklist, uom, utm, web, website, website_sale, website_sale_wishlist
Running migrations:
  Applying uom.0001_initial... OK
  Applying authz.0001_initial... OK
  Applying base.0001_initial... OK
  Applying sales_team.0001_initial... OK
  Applying product.0001_initial... OK
  Applying delivery.0001_initial... OK
  Applying account.0001_initial... OK
  Applying account.0002_initial... OK
  Applying sale.0001_initial... OK
  Applying stock.0001_initial... OK
  Applying stock.0002_stock_lot_expiry_dates... OK
  Applying product.0002_website_published_mixin... OK
  Applying base.0002_res_company_users_rel_columns... OK
  Applying base.0003_res_columnas_nombre_referencia... OK
  Applying base.0004_resdevice... OK
  Applying base.0005_report_type_sin_prefijo_qweb... OK
  Applying base.0006_report_type_solo_pdf... OK
  Applying base.0007_alter_iractionsreport_report_type... OK
  Applying base.0008_alter_iractionsactions_path_and_more... OK
  Applying base.0009_alter_ircron_user... OK
  Applying account.0003_accountfullreconcile_accountincoterms_and_more... OK
  Applying account.0004_accountpaymentmethod_accountpaymentmethodline_and_more... OK
  Applying account.0005_alter_accountbankstatementline_options_and_more... OK
  Applying account.0006_accountreportexpression_accountreport_and_more... OK
  Applying account.0007_sequence_prefix_number... OK
  Applying product.0003_account_inherit_surface... OK
  Applying base.0010_respartnerbank... OK
  Applying account.0008_tax_computation_engine... OK
  Applying base.0011_company_default_taxes... OK
  Applying base.0012_company_chart_template... OK
  Applying account.0009_sequence_mixin_wiring... OK
  Applying account.0010_tax_group_on_tax... OK
  Applying account.0011_journal_dashboard_fields... OK
  Applying base.0013_company_utility_accounts... OK
  Applying account.0012_seed_account_tags... OK
  Applying account.0013_account_tags_m2m... OK
  Applying account.0014_accounttaxalternative_accounttax_original_tax_ids_and_more... OK
  Applying account.0015_accountgroup_account_group_prefix_length_eq... OK
  Applying product.0004_alter_producttemplate_supplier_taxes_and_more... OK
  Applying product.0005_expiry_and_tracking_surface... OK
  Applying base.0014_rescompany_fiscalyear_lock_date_and_more... OK
  Applying account.0016_accounttax_l10n_mx_factor_type_and_more... OK
  Applying base.0015_resbank_l10n_mx_edi_code_and_more... OK
  Applying base.0016_rescountry_address_format_rescountry_name_position_and_more... OK
  Applying base.0017_seed_countries... OK
  Applying base.0018_rescompany_account_fiscal_country... OK
  Applying base.0019_respartnerbank_include_reference_and_more... OK
  Applying base.0020_rescompany_quotation_validity_days... OK
  Applying base.0021_alter_respartnerbank_acc_type... OK
  Applying base.0022_irmodelfields_serialization_field_id_and_more... OK
  Applying stock.0003_productremoval_stockwarehouseresupply_and_more... OK
  Applying stock.0004_alter_stockrule_options_stockrule_active_and_more... OK
  Applying product.0006_port_stock_scrap_and_is_storable... OK
  Applying stock.0005_port_stock_scrap_and_is_storable... OK
  Applying stock.0006_port_stock_reference... OK
  Applying product.0007_producttemplate_description_picking_and_more... OK
  Applying stock.0007_alter_stockmove_options_remove_stockmove_move_orig_and_more... OK
  Applying stock.0008_alter_stockmove_company... OK
  Applying uom.0002_uom_package_type... OK
  Applying uom.0003_uom_timesheet_widget... OK
  Applying product.0008_productcategory_packaging_reserve_method_and_more... OK
  Applying product.0009_productproduct_lot_properties_definition... OK
  Applying stock.0009_stockpicking_picking_type... OK
  Applying sms.0001_initial... OK
  Applying mail.0001_initial... OK
  Applying mail.0002_seed_message_subtypes... OK
  Applying mail.0003_remove_mailalias_mail_alias_name_domain_unique_and_more... OK
  Applying mail.0004_seed_cron_email_queue... OK
  Applying base.0023_rescompany_annual_inventory_day_and_more... OK
  Applying product.0010_producttemplate_lot_sequence... OK
  Applying project.0001_initial... OK
  Applying project.0002_project_allocated_hours_project_allow_timesheets... OK
  Applying base.0024_respartner_check_name... OK
  Applying base.0025_alter_respartner_options_alter_resusers_options... OK
  Applying base.0026_seed_langs... OK
  Applying base.0027_seed_base_groups... OK
  Applying fleet.0001_initial... OK
  Applying fleet.0002_fleetvehicle_name... OK
  Applying account.0017_accountmoveline_vehicle... OK
  Applying account.0018_payment_state... OK
  Applying account.0019_accountjournal_entries_count_and_more... OK
  Applying base.0028_iractionsreport_is_invoice_report_and_more... OK
  Applying base.0029_rescompany_internal_project_id_and_more... OK
  Applying account.0020_accountjournal_is_peppol_journal_and_more... OK
  Applying base.0030_rescompany_account_peppol_contact_email_and_more... OK
  Applying purchase_requisition.0001_initial... OK
  Applying product.0011_productsupplierinfo_purchase_requisition_line_and_more... OK
  Applying product.0012_port_sale_extension_fields... OK
  Applying contenttypes.0001_initial... OK
  Applying contenttypes.0002_remove_content_type_name... OK
  Applying base.0031_ir_autovacuum... OK
  Applying base.0032_seed_cron_autovacuum... OK
  Applying base.0033_retire_observability... OK
  Applying base.0034_widen_ir_module_char_columns... OK
  Applying base.0035_alter_irmodule_options_irmodule_sequence... OK
  Applying base.0036_alter_rescompany_hr_presence_control_ip_list... OK
  Applying base.0037_rescompany_restrictive_audit_trail... OK
  Applying base.0038_resgroups_lock_timeout_and_more... OK
  Applying base.0039_resusersapikeys... OK
  Applying base.0040_alter_irsequence_code_alter_irsequence_company_and_more... OK
  Applying base.0041_cron_trigger_progress_and_action_usage... OK
  Applying base.0042_res_partner_category... OK
  Applying base.0043_iractionsserver_parent... OK
  Applying base.0044_res_device_log_partial_indexes... OK
  Applying base.0045_ir_sequence_audit_columns... OK
  Applying base.0046_res_partner_label_columns... OK
  Applying base.0047_res_partner_salesperson... OK
  Applying base.0048_ir_module_manifest_metadata... OK
  Applying base.0049_ir_module_exclusion_and_dependency_flag... OK
  Applying base.0050_res_bank_unlimited_char... OK
  Applying base.0051_res_currency_rounding_constraint... OK
  Applying base.0052_res_currency_rate_check... OK
  Applying base.0053_res_currency_iso_numeric_and_subunit... OK
  Applying base.0054_alter_respartner_tz... OK
  Applying base.0055_alter_resusers_password... OK
  Applying base.0056_decimalprecision_decimal_precision_name_uniq... OK
  Applying base.0057_respartner_barcode... OK
  Applying base.0058_port_ir_rule_from_the_reference... OK
  Applying base.0059_seed_base_security... OK
  Applying base.0060_iractionsserver_crud_model_id_and_more... OK
  Applying base.0061_serveractionhistorywizard_and_more... OK
  Applying base.0062_alter_iractionsserver_crud_model_id_and_more... OK
  Applying base.0063_alter_iractionsserver_sequence_id... OK
  Applying account.0021_accountmove_posted_before... OK
  Applying base.0064_rescompany_downpayment_account_and_more... OK
  Applying base.0065_rescompany_account_price_include_and_more... OK
  Applying base.0066_alter_reslang_code_reslang_res_lang_name_uniq_and_more... OK
  Applying uom.0004_alter_uom_timesheet_widget... OK
  Applying uom.0005_alter_uom_options_alter_uom_relative_uom_and_more... OK
  Applying product.0013_productattributecustomvalue... OK
  Applying account.0022_accountmove_commercial_partner_and_more... OK
  Applying account.0023_alter_accountmove_commercial_partner_and_more... OK
  Applying account.0024_analytic_distribution_on_move_line... OK
  Applying base.0067_rescompany_income_expense_account... OK
  Applying base.0068_respartner_sale_warn_msg... OK
  Applying base.0069_ir_actions_report_group_ids_and_paperformat_id... OK
  Applying base.0070_view_type_qweb_to_template... OK
  Applying base.0071_report_type_se_queda_solo_con_pdf... OK
  Applying base.0072_transient_wizard_gana_su_tabla... OK
  Applying base.0073_obj_name_uniq_conserva_el_nombre_de_la_fuente... OK
  Applying base.0074_selection_field_id_conserva_el_nombre_de_la_fuente... OK
  Applying base.0075_res_groups_conserva_los_dos_objetos_de_tabla... OK
  Applying base.0076_target_no_requerido_como_la_fuente... OK
  Applying base.0077_ir_filters_recupera_la_fk_y_sus_tres_objetos_de_tabla... OK
  Applying base.0078_report_type_recupera_los_tres_de_la_fuente... OK
  Applying base.0079_add_rescompany_fiscalyear_last_day_month... OK
  Applying base.0080_alter_iractionsserver_usage... OK
  Applying base.0081_base_vat_vat_check_vies... OK
  Applying base.0082_respartner_commercial_company_name_and_more... OK
  Applying account.0025_alter_accountaccount_internal_group... OK
  Applying account.0026_accountjournal_bank_account_id_and_more... OK
  Applying account_add_gln.0001_initial... OK
  Applying account_check_printing.0001_initial... OK
  Applying account_check_printing.0002_seed_check_payment_method... OK
  Applying account_debit_note.0001_initial... OK
  Applying account_edi.0001_initial... OK
  Applying account_edi.0002_remove_accountedidocument_uniq_edi_doc_move_format_and_more... OK
  Applying certificate.0001_initial... OK
  Applying account_edi_proxy_client.0001_initial... OK
  Applying account_edi_proxy_client.0002_alter_accountediproxyuser_proxy_type... OK
  Applying account_edi_proxy_client.0003_remove_accountediproxyuser_uniq_edi_proxy_active_company_and_more... OK
  Applying account_fleet.0001_seed_fleet_service_type_vendor_bill... OK
  Applying payment.0001_initial... OK
  Applying account_payment.0001_initial... OK
  Applying account_payment.0002_seed_config_parameters... OK
  Applying account_tax_python.0001_initial... OK
  Applying account_test.0001_initial... OK
  Applying account_test.0002_seed_accounting_assert_tests... OK
  Applying account_update_tax_tags.0001_initial... OK
  Applying admin.0001_initial... OK
  Applying admin.0002_logentry_remove_auto_add... OK
  Applying admin.0003_logentry_add_action_flag_choices... OK
  Applying sale.0002_seed_report_saleorder_view... OK
  Applying delivery.0002_initial... OK
  Applying sale.0003_saleorder_sale_order_un_draft_por_partner... OK
  Applying sale.0004_alter_saleorderline_options_saleorderline_sequence... OK
  Applying sale.0005_saleorder_validity_date... OK
  Applying sale.0006_saleorderline_has_displayed_warning_upsell... OK
  Applying sale.0007_seed_sale_security... OK
  Applying resource.0001_initial... OK
  Applying hr.0001_initial... OK
  Applying hr.0002_hrcontracttype_hrdeparturereason_hremployeecategory_and_more... OK
  Applying hr.0003_seed_default_departure_reasons... OK
  Applying hr.0004_hrpayrollstructuretype_default_resource_calendar... OK
  Applying hr.0005_hremployee... OK
  Applying hr.0006_hrversion_hremployee_version_and_more... OK
  Applying hr.0007_alter_hrdepartment_company_alter_hrjob_company_and_more... OK
  Applying hr.0008_alter_hremployee_hr_icon_display_and_more... OK
  Applying hr.0009_hremployeepublic... OK
  Applying analytic.0001_initial... OK
  Applying analytic.0002_accountanalyticapplicability_account_prefix_and_more... OK
  Applying analytic.0003_accountanalyticline_department_and_more... OK
  Applying analytic.0004_accountanalyticline_is_so_line_edited_and_more... OK
  Applying analytic.0005_alter_accountanalyticplan_default_applicability... OK
  Applying analytic.0006_so_line_from_sale... OK
  Applying auth.0001_initial... OK
  Applying auth.0002_alter_permission_name_max_length... OK
  Applying auth.0003_alter_user_email_max_length... OK
  Applying auth.0004_alter_user_username_opts... OK
  Applying auth.0005_alter_user_last_login_null... OK
  Applying auth.0006_require_contenttypes_0002... OK
  Applying auth.0007_alter_validators_add_error_messages... OK
  Applying auth.0008_alter_user_username_max_length... OK
  Applying auth.0009_alter_user_last_name_max_length... OK
  Applying auth.0010_alter_group_name_max_length... OK
  Applying auth.0011_update_proxy_permissions... OK
  Applying auth.0012_alter_user_first_name_max_length... OK
  Applying authz.0002_initial... OK
  Applying authz.0003_delete_accessrule... OK
  Applying authz_audit.0001_initial... OK
  Applying authz_audit.0002_alter_authzevent_action... OK
  Applying authz_ldap.0001_initial... OK
  Applying authz_ldap.0002_seed_ldap_parameters... OK
  Applying authz_oauth.0001_initial... OK
  Applying authz_oauth.0002_seed_oauth_defaults... OK
  Applying authz_passkey.0001_initial... OK
  Applying authz_password_policy.0001_seed_password_minlength... OK
  Applying authz_reauth.0001_initial... OK
  Applying authz_signup.0001_initial... OK
  Applying authz_signup.0002_seed_signup_parameters... OK
  Applying authz_signup.0003_verify_email_signup_type... OK
  Applying authz_totp.0001_initial... OK
  Applying authz_totp.0002_seed_totp_parameters... OK
  Applying authz_totp.0003_authtotpdevice... OK
  Applying authz_totp.0004_totpsecret_last_counter... OK
  Applying authz_totp.0005_authtotpratelimitlog... OK
  Applying authz_totp.0006_remove_authtotpratelimitlog_authz_totp_rate_limit_idx_and_more... OK
  Applying authz_totp_mail.0001_seed_totp_mail_parameters... OK
  Applying auto_backup.0001_initial... OK
  Applying auto_backup.0002_dbbackup_dbbackupdetails_delete_backuprecord... OK
  Applying auto_backup.0003_seed_cron_backup... OK
  Applying auto_backup.0004_alter_dbbackupdetails_db_backup_id... OK
  Applying base.0083_rescompany_account_opening_date_and_more... OK
  Applying base.0084_unaccent_extension... OK
  Applying base.0085_orm_signaling_tables... OK
  Applying base.0086_enable_profiling_wizard_gana_sus_dos_campos... OK
  Applying base_address_extended.0001_initial... OK
  Applying base_address_extended.0002_alter_addressstructured_city_and_more... OK
  Applying base_automation.0001_initial... OK
  Applying base_automation.0002_alter_baseautomation_model_id_and_more... OK
  Applying base_automation.0003_alter_baseautomation_trg_date_calendar_and_more... OK
  Applying base_geolocalize.0001_initial... OK
  Applying base_geolocalize.0002_seed_geo_providers... OK
  Applying base_import_module.0001_initial... OK
  Applying base_install_request.0001_initial... OK
  Applying base_install_request.0002_seed_install_request_mail_template... OK
  Applying base_setup.0001_initial... OK
  Applying base_sparse_field.0001_initial... OK
  Applying base_sparse_field.0002_sparse_fields_test_gana_su_tabla... OK
  Applying bus.0001_initial... OK
  Applying utm.0001_initial... OK
  Applying utm.0002_seed_utm_data... OK
  Applying utm.0003_alter_utmcampaign_stage_id_alter_utmcampaign_user_id... OK
  Applying sales_team.0002_remove_crmteammember_uniq_crm_team_member_and_more... OK
  Applying sales_team.0003_alter_crmtag_color... OK
  Applying crm.0001_initial... OK
  Applying crm.0002_alter_crmlead_partner_and_more... OK
  Applying crm.0003_crmlostreason_alter_crmlead_options_and_more... OK
  Applying crm.0004_alter_crmlead_date_last_stage_update_and_more... OK
  Applying digest.0001_initial... OK
  Applying digest.0002_digestdigest_kpi_account_total_revenue... OK
  Applying digest.0003_digestdigest_kpi_hr_recruitment_new_colleagues... OK
  Applying digest.0004_alter_digestdigest_company_and_more... OK
  Applying digest.0005_digestdigest_kpi_crm_lead_created_and_more... OK
  Applying digest.0006_update_kpi_hr_recruitment_new_colleagues_help_text... OK
  Applying digest.0007_alter_digestdigest_kpi_hr_recruitment_new_colleagues... OK
  Applying digest.0008_alter_digestdigest_kpi_hr_recruitment_new_colleagues... OK
  Applying fleet.0003_fleetvehiclelogservices_account_move_line... OK
  Applying fleet.0004_fleetvehicle_driver_employee_and_more... OK
  Applying fleet.0005_alter_fleetvehicle_mobility_card... OK
  Applying helpdesk.0001_initial... OK
  Applying helpdesk.0002_seed_cron_auto_close... OK
  Applying hr_skills.0001_initial... OK
  Applying hr_recruitment.0001_initial... OK
  Applying hr.0010_hremployee_friday_location_hremployee_hourly_cost_and_more... OK
  Applying hr.0011_alter_hrcontracttype_code_alter_hrcontracttype_name_and_more... OK
  Applying hr.0012_alter_hremployee_mobility_card_and_more... OK
  Applying hr_homeworking.0001_initial... OK
  Applying hr_homeworking.0002_remove_hremployeelocation__uniq_exceptional_per_day_and_more... OK
  Applying hr_recruitment.0002_hrapplicant_skill_ids... OK
  Applying hr_recruitment.0003_alter_hrapplicant_email_normalized_and_more... OK
  Applying hr_recruitment.0004_alter_hrapplicant_campaign_id_and_more... OK
  Applying hr_skills.0002_alter_hrresumeline_certificate_filename_and_more... OK
  Applying hr_recruitment_skills.0001_initial... OK
  Applying hr_recruitment_skills.0002_alter_hrapplicantskill_applicant_and_more... OK
  Applying hr_timesheet.0001_initial... OK
  Applying hr_timesheet.0002_alter_accountanalyticlinecalendaremployee_employee_and_more... OK
  Applying hr_work_entry.0001_initial... OK
  Applying hr_work_entry.0002_alter_hrworkentry_name_alter_hrworkentry_state_and_more... OK
  Applying html_editor.0001_initial... OK
  Applying loyalty.0001_initial... OK
  Applying loyalty.0002_seed_cron_expire_vouchers... OK
  Applying mass_mailing.0001_initial... OK
  Applying mass_mailing.0002_remove_mailingsubscription_unique_mailing_subscription_and_more... OK
  Applying mrp.0001_initial... OK
  Applying mrp_subcontracting.0001_initial... OK
  Applying onboarding.0001_initial... OK
  Applying payment.0002_port_sale_extension_fields... OK
  Applying product_matrix.0001_initial... OK
  Applying project.0003_projecttasktype_sms_template... OK
  Applying project.0004_project_billing_type_project_timesheet_product... OK
  Applying stock.0010_stockwarehouseorderpoint... OK
  Applying stock.0011_stocklot_company_note_location_and_more... OK
  Applying stock.0012_add_picking_origin... OK
  Applying stock.0013_stockpicking_company_stockpicking_move_type_and_more... OK
  Applying stock.0014_stockmove_orderpoint... OK
  Applying stock.0015_alter_stockpicking_options_stockpicking_backorder_and_more... OK
  Applying stock.0016_rename_stock_move_product_location_idx_stock_move_product_loc_idx... OK
  Applying stock.0017_stockpicking_project... OK
  Applying purchase.0001_initial... OK
  Applying purchase.0002_purchaseorder_dest_address_and_more... OK
  Applying purchase.0003_alter_purchaseorder_partner_and_more... OK
  Applying purchase.0004_add_company_currency_and_rate... OK
  Applying rating.0001_initial... OK
  Applying resource.0002_resourcecalendarattendance_work_entry_type_and_more... OK
  Applying sales_team.0004_rename_members_crmteam_member_ids_and_more... OK
  Applying sales_team.0005_crmteammember_assignment_domain_and_more... OK
  Applying sales_team.0006_alter_crmteammember_crm_team_id... OK
  Applying sales_team.0007_crmteam_assignment_domain_crmteam_assignment_optout_and_more... OK
  Applying sale.0008_port_sale_order_header_and_fields... OK
  Applying sale.0009_sale_order_fk_symbols_to_reference... OK
  Applying sale.0010_saleorderline_analytic_distribution_and_more... OK
  Applying sale.0011_saleorderline_price_subtotal_saleorderline_price_tax_and_more... OK
  Applying sale.0012_alter_saleorder_amount_tax_and_more... OK
  Applying sale_crm.0001_initial... OK
  Applying sale_loyalty.0001_initial... OK
  Applying sale_management.0001_initial... OK
  Applying sale_management.0002_alter_saleordertemplateline_product_and_more... OK
  Applying sale_margin.0001_initial... OK
  Applying sale_mrp.0001_initial... OK
  Applying sale_product_matrix.0001_initial... OK
  Applying sale_project.0001_initial... OK
  Applying sale_purchase.0001_initial... OK
  Applying sale_sms.0001_initial... OK
  Applying sale_stock.0001_initial... OK
  Applying sale_stock.0002_saleorderdelivery_incoterm_location... OK
  Applying sale_stock.0003_seed_report_incoterm_extension... OK
  Applying sale_subscription.0001_initial... OK
  Applying sale_subscription.0002_seed_subscription_security... OK
  Applying sale_timesheet.0001_initial... OK
  Applying sessions.0001_initial... OK
  Applying stock.0018_stockmove_created_purchase_line_ids_and_more... OK
  Applying stock.0019_alter_stockpickingtype_sequence_id... OK
  Applying stock.0020_stockmove_to_refund... OK
  Applying stock_account.0001_initial... OK
  Applying stock_account.0002_alter_stockvaluationlayer_product_and_more... OK
  Applying stock_landed_costs.0001_initial... OK
  Applying token_blacklist.0001_initial... OK
  Applying token_blacklist.0002_outstandingtoken_jti_hex... OK
  Applying token_blacklist.0003_auto_20171017_2007... OK
  Applying token_blacklist.0004_auto_20171017_2013... OK
  Applying token_blacklist.0005_remove_outstandingtoken_jti... OK
  Applying token_blacklist.0006_auto_20171017_2113... OK
  Applying token_blacklist.0007_auto_20171017_2214... OK
  Applying token_blacklist.0008_migrate_to_bigautofield... OK
  Applying token_blacklist.0010_fix_migrate_to_bigautofield... OK
  Applying token_blacklist.0011_linearizes_history... OK
  Applying token_blacklist.0012_alter_outstandingtoken_user... OK
  Applying token_blacklist.0013_alter_blacklistedtoken_options_and_more... OK
  Applying web.0001_initial... OK
  Applying web.0002_webconfigsettings... OK
  Applying web.0003_remove_resuserssettingsembeddedaction_res_users_settings_embedded_action_unique_and_more... OK
  Applying website.0001_initial... OK
  Applying website.0002_website... OK
  Applying website.0003_reference_defaults... OK
  Applying website.0004_websitemenu_website_fk_parent_path_new_window... OK
  Applying website.0005_pg_trgm_extension... OK
  Applying website.0006_websiteconfiguratorfeature... OK
  Applying website.0007_websiteroute_websitepage_websitemenu_page_and_more... OK
  Applying website.0008_websitepage_footer_visible_websitepage_header_color_and_more... OK
  Applying website.0009_websiteviewinfo... OK
  Applying website_sale.0001_initial... OK
  Applying website_sale.0002_seed_cron_abandoned_cart... OK
  Applying website_sale.0003_websitesalesettings_salesteam_and_more... OK
  Applying website_sale.0004_remove_websitesalesettings_website_sale_salesteam_nn_and_more... OK
  Applying website_sale_wishlist.0001_initial... OK
__BG_EXIT__=0
