=== odoo/orm <-> src/orm ===

archivo                        ref  aqui  otro  disue  falta
commands.py                      8     8     0      0      0
decorators.py                   17    12     4      1      0
domains.py                      92    89     0      0      3
environments.py                 79    79     0      0      0
fields.py                       83    22    20      0     41
fields_binary.py                18     2     7      0      9
fields_misc.py                  14     1     9      0      4
fields_numeric.py               24     1     9      0     14
fields_properties.py            38    37     0      0      1
fields_reference.py             10     0     6      1      3
fields_relational.py            60    11    18      0     31
fields_selection.py             13     0     7      0      6
fields_temporal.py              18     1     6      0     11
fields_textual.py               47    12    15      0     20
identifiers.py                   8     8     0      0      0
model_classes.py                16     9     0      0      7
models.py                      226   111    13      1    101
models_transient.py              4     4     0      0      0
registry.py                     58    58     0      0      0
table_objects.py                11    11     0      0      0
types.py                         0     0     0      0      0
utils.py                         9     9     0      0      0

presentes en su archivo: 485 de 853 (56.9 %) · en otro archivo: 114 · clases disueltas: 3 · ausentes: 251
(alcance medido: 22 archivos de la referencia, 0 sin contraparte)
nuestros sin contraparte en la fuente: 6 — checks.py, fields_company_dependent.py, fields_nonstored.py, inherits.py, method_chain.py, routers.py
__BG_EXIT__=0
